// Jest Snapshot v1, https://goo.gl/fbAQLP

exports[`Card Component matches snapshot 1`] = `
<Container
  className="CardsContainer"
>
  <div
    className="TopicContainer"
  >
    <h1>
      topic
    </h1>
    <p />
  </div>
  <Toggle
    cardComponents={
      Array [
        <ForwardRef(render)
          lg={3}
          md={4}
          sm={6}
        >
          <Card
            description={null}
            image={null}
          />
        </ForwardRef(render)>,
      ]
    }
    cardLimits={4}
  />
</Container>
`;
