// Jest Snapshot v1, https://goo.gl/fbAQLP

exports[`FilterGroup Component matches snapshot and when the search is empty (?f= null), clicking on a checkbox calls navigate with /foo/?f=[key] 1`] = `
<div
  class="form-group"
>
  <label
    class=""
    data-testid="filter-group-title-Filter Group"
    for="Filter Group"
    style="font-weight: 600; color: rgb(73, 73, 73); font-size: 14px; margin-bottom: 0px;"
  >
    Filter Group
  </label>
  <div
    class="Checkbox custom-checkbox custom-control"
  >
    <input
      aria-label="Filter resources by this value"
      class="custom-control-input"
      data-testid="filter-group-checkbox-designer"
      id="Filter Group0"
      type="checkbox"
    />
    <label
      class="custom-control-label"
      for="Filter Group0"
    >
      Designers
    </label>
  </div>
  <div
    class="Checkbox custom-checkbox custom-control"
  >
    <input
      aria-label="Filter resources by this value"
      class="custom-control-input"
      data-testid="filter-group-checkbox-developer"
      id="Filter Group1"
      type="checkbox"
    />
    <label
      class="custom-control-label"
      for="Filter Group1"
    >
      Developers
    </label>
  </div>
  <div
    class="Checkbox custom-checkbox custom-control"
  >
    <input
      aria-label="Filter resources by this value"
      class="custom-control-input"
      data-testid="filter-group-checkbox-product-owner"
      id="Filter Group2"
      type="checkbox"
    />
    <label
      class="custom-control-label"
      for="Filter Group2"
    >
      Product Owners
    </label>
  </div>
</div>
`;
