// Jest Snapshot v1, https://goo.gl/fbAQLP

exports[`Layout Component it matches snapshot 1`] = `
<Container
  fluid={true}
  style={
    Object {
      "display": "flex",
      "flexDirection": "column",
      "minHeight": "100vh",
      "padding": 0,
    }
  }
  tag="div"
>
  <PrimaryHeader
    hamburgerClicked={[Function]}
    showHamburger={true}
  />
  <div
    style={
      Object {
        "flexGrow": 1,
      }
    }
  >
    test
  </div>
  <PrimaryFooter />
</Container>
`;
