// Jest Snapshot v1, https://goo.gl/fbAQLP

exports[`Primary Filter Component it matches snapshot 1`] = `
.emotion-2 {
  background-color: #38598a;
  color: #fff;
  position: fixed;
  left: 0;
  right: 0;
  top: 65px;
  box-shadow: 0 1px 2px 2px rgba(0,0,0,0.25);
  z-index: 150;
}

.emotion-2 .largeOnly {
  display: none;
}

@media screen and (min-width:932px) {
  .emotion-2 {
    padding: 0 65px;
  }

  .emotion-2 .mobileOnly {
    display: none;
  }

  .emotion-2 .largeOnly {
    display: -webkit-box;
    display: -webkit-flex;
    display: -ms-flexbox;
    display: flex;
    -webkit-align-items: center;
    -webkit-box-align: center;
    -ms-flex-align: center;
    align-items: center;
    -webkit-flex-flow: row wrap;
    -ms-flex-flow: row wrap;
    flex-flow: row wrap;
  }
}

.emotion-0 {
  margin: 0;
  padding: 0;
  list-style: none;
  display: -webkit-box;
  display: -webkit-flex;
  display: -ms-flexbox;
  display: flex;
  -webkit-flex-flow: column;
  -ms-flex-flow: column;
  flex-flow: column;
  -webkit-box-pack: start;
  -webkit-justify-content: flex-start;
  -ms-flex-pack: start;
  justify-content: flex-start;
}

.emotion-0 li {
  height: 44px;
  margin-bottom: 0;
  box-sizing: border-box;
  display: -webkit-box;
  display: -webkit-flex;
  display: -ms-flexbox;
  display: flex;
  -webkit-align-items: center;
  -webkit-box-align: center;
  -ms-flex-align: center;
  align-items: center;
  -webkit-box-pack: center;
  -webkit-justify-content: center;
  -ms-flex-pack: center;
  justify-content: center;
}

.emotion-0 a {
  color: inherit;
  cursor: pointer;
  display: -webkit-box;
  display: -webkit-flex;
  display: -ms-flexbox;
  display: flex;
  -webkit-box-flex: 1;
  -webkit-flex-grow: 1;
  -ms-flex-positive: 1;
  flex-grow: 1;
  padding: 0 10px;
  height: 100%;
  -webkit-align-items: center;
  -webkit-box-align: center;
  -ms-flex-align: center;
  align-items: center;
  -webkit-box-pack: center;
  -webkit-justify-content: center;
  -ms-flex-pack: center;
  justify-content: center;
}

.emotion-0 a:hover {
  -webkit-text-decoration: underline;
  text-decoration: underline;
}

.emotion-0 a.activeFilter:hover {
  -webkit-text-decoration: none;
  text-decoration: none;
}

.emotion-0 a.activeFilter {
  background-color: rgba(123,162,204,0.5);
  border-bottom: 2px solid #fcc219;
}

.emotion-0 a:visited {
  color: inherit;
}

@media screen and (min-width:932px) {
  .emotion-0 li:first-of-type {
    -webkit-flex-basis: 75px;
    -ms-flex-preferred-size: 75px;
    flex-basis: 75px;
    text-align: center;
  }
}

<nav
  class="emotion-2 emotion-3"
  data-testid="navbar-regular"
>
  <ul
    class="largeOnly emotion-0 emotion-1"
  >
    <li>
      <a
        data-testid="nav.home"
        exact="true"
        href="/"
      >
        Home
      </a>
    </li>
    <li>
      <a
        data-testid="nav.topics"
        exact="true"
        href="/topics"
      >
        Topics
      </a>
    </li>
    <li>
      <a
        data-testid="nav.tools"
        exact="true"
        href="/self-service-tools"
      >
        Tools
      </a>
    </li>
    <li>
      <a
        data-testid="nav.components"
        exact="true"
        href="/components"
      >
        Components
      </a>
    </li>
    <li>
      <a
        data-testid="nav.github.repositories"
        exact="true"
        href="/repositories"
      >
        GitHub Repositories
      </a>
    </li>
    <li>
      <a
        data-testid="nav.documentation"
        exact="true"
        href="/documentation"
      >
        Documentation
      </a>
    </li>
    <li>
      <a
        data-testid="nav.events"
        exact="true"
        href="/events"
      >
        Events
      </a>
    </li>
  </ul>
</nav>
`;
