// Jest Snapshot v1, https://goo.gl/fbAQLP

exports[`Navigation Item Component it matches snapshot 1`] = `
.emotion-0 {
  -webkit-text-decoration: underline;
  text-decoration: underline;
  color: #1A5A96;
  font-weight: 400;
  text-transform: capitalize;
  padding: 0 4px;
  margin: 0 2px;
}

<li>
  <a
    class="emotion-0 emotion-1"
    css="[object Object]"
    data-testid="ui-gatsby-link"
    href="/"
  >
    banana
  </a>
</li>
`;
