// Jest Snapshot v1, https://goo.gl/fbAQLP

exports[`Primary Footer Component it matches snapshot 1`] = `
<ul
  className="NavigationItems"
>
  <NavigationItem
    key="0"
    text="banana"
    to="/"
  />
  <li>
    <a
      aria-label="View the BC Dev Exchange Organization"
      href="https://bcdevexchange.org"
      style={
        Object {
          "display": "inline-block",
          "width": "125px",
        }
      }
      title="BC Dev Exchange"
    >
      <img
        alt="Government Of BC"
        src="devex.svg"
        style={
          Object {
            "margin": 0,
            "maxHeight": "50px",
          }
        }
      />
    </a>
  </li>
</ul>
`;
