// Jest Snapshot v1, https://goo.gl/fbAQLP

exports[`Pill Component renders a pill 1`] = `
.emotion-2 {
  padding: 3px;
  border-radius: 1em;
  color: rgba(0,0,0,0.87);
  margin: 4px 5px;
  position: relative;
  display: -webkit-box;
  display: -webkit-flex;
  display: -ms-flexbox;
  display: flex;
  -webkit-align-items: center;
  -webkit-box-align: center;
  -ms-flex-align: center;
  align-items: center;
  border-color: transparent;
  border-width: 1px;
  border-style: solid;
  background-color: #e0e0e0;
}

.emotion-2:focus {
  outline: none;
}

.emotion-2 > span {
  margin: 0 4px;
  font-size: 0.875em;
}

@media only screen and (max-width:768px) {
  .emotion-2 {
    font-size: 15px;
  }
}

.emotion-0 {
  margin: 0 4px;
}

<button
  class="emotion-2 emotion-3"
  data-testid="ui-pill"
>
  <span>
    hello world
  </span>
  <svg
    aria-hidden="true"
    aria-label="delete"
    class="svg-inline--fa fa-times-circle fa-w-16  emotion-0 emotion-1"
    data-icon="times-circle"
    data-prefix="fas"
    data-testid="ui-pill-icon"
    focusable="false"
    role="img"
    viewBox="0 0 512 512"
    xmlns="http://www.w3.org/2000/svg"
  >
    <path
      d="M256 8C119 8 8 119 8 256s111 248 248 248 248-111 248-248S393 8 256 8zm121.6 313.1c4.7 4.7 4.7 12.3 0 17L338 377.6c-4.7 4.7-12.3 4.7-17 0L256 312l-65.1 65.6c-4.7 4.7-12.3 4.7-17 0L134.4 338c-4.7-4.7-4.7-12.3 0-17l65.6-65-65.6-65.1c-4.7-4.7-4.7-12.3 0-17l39.6-39.6c4.7-4.7 12.3-4.7 17 0l65 65.7 65.1-65.6c4.7-4.7 12.3-4.7 17 0l39.6 39.6c4.7 4.7 4.7 12.3 0 17L312 256l65.6 65.1z"
      fill="currentColor"
    />
  </svg>
</button>
`;
