// Jest Snapshot v1, https://goo.gl/fbAQLP

exports[`Primary Filter Component it matches snapshot 1`] = `
ShallowWrapper {
  Symbol(enzyme.__root__): [Circular],
  Symbol(enzyme.__unrendered__): <PrimaryFilter
    mobile={false}
  />,
  Symbol(enzyme.__renderer__): Object {
    "batchedUpdates": [Function],
    "getNode": [Function],
    "render": [Function],
    "simulateError": [Function],
    "simulateEvent": [Function],
    "unmount": [Function],
  },
  Symbol(enzyme.__node__): Object {
    "instance": null,
    "key": undefined,
    "nodeType": "host",
    "props": Object {
      "children": <ul
        className="largeOnly"
      >
        <li>
          <GatsbyLink
            activeClassName="ActiveFilter"
            aria-label="Select to filter cards by the resource type"
            exact={true}
            to="/"
          >
            All
          </GatsbyLink>
        </li>
        <li>
          <GatsbyLink
            activeClassName="ActiveFilter"
            aria-label="Select to filter cards by the resource type"
            exact={true}
            to="/components"
          >
            Components
          </GatsbyLink>
        </li>
        <li>
          <GatsbyLink
            activeClassName="ActiveFilter"
            aria-label="Select to filter cards by the resource type"
            exact={true}
            to="/documentation"
          >
            Documentation
          </GatsbyLink>
        </li>
        <li>
          <GatsbyLink
            activeClassName="ActiveFilter"
            aria-label="Select to filter cards by the resource type"
            exact={true}
            to="/self-service-tools"
          >
            Self-Service Tools
          </GatsbyLink>
        </li>
        <li>
          <GatsbyLink
            activeClassName="ActiveFilter"
            aria-label="Select to filter cards by the resource type"
            exact={true}
            to="/repositories"
          >
            Repositories
          </GatsbyLink>
        </li>
      </ul>,
      "className": "PrimaryFilter",
    },
    "ref": null,
    "rendered": Object {
      "instance": null,
      "key": undefined,
      "nodeType": "host",
      "props": Object {
        "children": Array [
          <li>
            <GatsbyLink
              activeClassName="ActiveFilter"
              aria-label="Select to filter cards by the resource type"
              exact={true}
              to="/"
            >
              All
            </GatsbyLink>
          </li>,
          <li>
            <GatsbyLink
              activeClassName="ActiveFilter"
              aria-label="Select to filter cards by the resource type"
              exact={true}
              to="/components"
            >
              Components
            </GatsbyLink>
          </li>,
          <li>
            <GatsbyLink
              activeClassName="ActiveFilter"
              aria-label="Select to filter cards by the resource type"
              exact={true}
              to="/documentation"
            >
              Documentation
            </GatsbyLink>
          </li>,
          <li>
            <GatsbyLink
              activeClassName="ActiveFilter"
              aria-label="Select to filter cards by the resource type"
              exact={true}
              to="/self-service-tools"
            >
              Self-Service Tools
            </GatsbyLink>
          </li>,
          <li>
            <GatsbyLink
              activeClassName="ActiveFilter"
              aria-label="Select to filter cards by the resource type"
              exact={true}
              to="/repositories"
            >
              Repositories
            </GatsbyLink>
          </li>,
        ],
        "className": "largeOnly",
      },
      "ref": null,
      "rendered": Array [
        Object {
          "instance": null,
          "key": "0",
          "nodeType": "host",
          "props": Object {
            "children": <GatsbyLink
              activeClassName="ActiveFilter"
              aria-label="Select to filter cards by the resource type"
              exact={true}
              to="/"
            >
              All
            </GatsbyLink>,
          },
          "ref": null,
          "rendered": Object {
            "instance": null,
            "key": undefined,
            "nodeType": "function",
            "props": Object {
              "activeClassName": "ActiveFilter",
              "aria-label": "Select to filter cards by the resource type",
              "children": "All",
              "exact": true,
              "to": "/",
            },
            "ref": null,
            "rendered": "All",
            "type": [Function],
          },
          "type": "li",
        },
        Object {
          "instance": null,
          "key": "1",
          "nodeType": "host",
          "props": Object {
            "children": <GatsbyLink
              activeClassName="ActiveFilter"
              aria-label="Select to filter cards by the resource type"
              exact={true}
              to="/components"
            >
              Components
            </GatsbyLink>,
          },
          "ref": null,
          "rendered": Object {
            "instance": null,
            "key": undefined,
            "nodeType": "function",
            "props": Object {
              "activeClassName": "ActiveFilter",
              "aria-label": "Select to filter cards by the resource type",
              "children": "Components",
              "exact": true,
              "to": "/components",
            },
            "ref": null,
            "rendered": "Components",
            "type": [Function],
          },
          "type": "li",
        },
        Object {
          "instance": null,
          "key": "2",
          "nodeType": "host",
          "props": Object {
            "children": <GatsbyLink
              activeClassName="ActiveFilter"
              aria-label="Select to filter cards by the resource type"
              exact={true}
              to="/documentation"
            >
              Documentation
            </GatsbyLink>,
          },
          "ref": null,
          "rendered": Object {
            "instance": null,
            "key": undefined,
            "nodeType": "function",
            "props": Object {
              "activeClassName": "ActiveFilter",
              "aria-label": "Select to filter cards by the resource type",
              "children": "Documentation",
              "exact": true,
              "to": "/documentation",
            },
            "ref": null,
            "rendered": "Documentation",
            "type": [Function],
          },
          "type": "li",
        },
        Object {
          "instance": null,
          "key": "3",
          "nodeType": "host",
          "props": Object {
            "children": <GatsbyLink
              activeClassName="ActiveFilter"
              aria-label="Select to filter cards by the resource type"
              exact={true}
              to="/self-service-tools"
            >
              Self-Service Tools
            </GatsbyLink>,
          },
          "ref": null,
          "rendered": Object {
            "instance": null,
            "key": undefined,
            "nodeType": "function",
            "props": Object {
              "activeClassName": "ActiveFilter",
              "aria-label": "Select to filter cards by the resource type",
              "children": "Self-Service Tools",
              "exact": true,
              "to": "/self-service-tools",
            },
            "ref": null,
            "rendered": "Self-Service Tools",
            "type": [Function],
          },
          "type": "li",
        },
        Object {
          "instance": null,
          "key": "4",
          "nodeType": "host",
          "props": Object {
            "children": <GatsbyLink
              activeClassName="ActiveFilter"
              aria-label="Select to filter cards by the resource type"
              exact={true}
              to="/repositories"
            >
              Repositories
            </GatsbyLink>,
          },
          "ref": null,
          "rendered": Object {
            "instance": null,
            "key": undefined,
            "nodeType": "function",
            "props": Object {
              "activeClassName": "ActiveFilter",
              "aria-label": "Select to filter cards by the resource type",
              "children": "Repositories",
              "exact": true,
              "to": "/repositories",
            },
            "ref": null,
            "rendered": "Repositories",
            "type": [Function],
          },
          "type": "li",
        },
      ],
      "type": "ul",
    },
    "type": "nav",
  },
  Symbol(enzyme.__nodes__): Array [
    Object {
      "instance": null,
      "key": undefined,
      "nodeType": "host",
      "props": Object {
        "children": <ul
          className="largeOnly"
        >
          <li>
            <GatsbyLink
              activeClassName="ActiveFilter"
              aria-label="Select to filter cards by the resource type"
              exact={true}
              to="/"
            >
              All
            </GatsbyLink>
          </li>
          <li>
            <GatsbyLink
              activeClassName="ActiveFilter"
              aria-label="Select to filter cards by the resource type"
              exact={true}
              to="/components"
            >
              Components
            </GatsbyLink>
          </li>
          <li>
            <GatsbyLink
              activeClassName="ActiveFilter"
              aria-label="Select to filter cards by the resource type"
              exact={true}
              to="/documentation"
            >
              Documentation
            </GatsbyLink>
          </li>
          <li>
            <GatsbyLink
              activeClassName="ActiveFilter"
              aria-label="Select to filter cards by the resource type"
              exact={true}
              to="/self-service-tools"
            >
              Self-Service Tools
            </GatsbyLink>
          </li>
          <li>
            <GatsbyLink
              activeClassName="ActiveFilter"
              aria-label="Select to filter cards by the resource type"
              exact={true}
              to="/repositories"
            >
              Repositories
            </GatsbyLink>
          </li>
        </ul>,
        "className": "PrimaryFilter",
      },
      "ref": null,
      "rendered": Object {
        "instance": null,
        "key": undefined,
        "nodeType": "host",
        "props": Object {
          "children": Array [
            <li>
              <GatsbyLink
                activeClassName="ActiveFilter"
                aria-label="Select to filter cards by the resource type"
                exact={true}
                to="/"
              >
                All
              </GatsbyLink>
            </li>,
            <li>
              <GatsbyLink
                activeClassName="ActiveFilter"
                aria-label="Select to filter cards by the resource type"
                exact={true}
                to="/components"
              >
                Components
              </GatsbyLink>
            </li>,
            <li>
              <GatsbyLink
                activeClassName="ActiveFilter"
                aria-label="Select to filter cards by the resource type"
                exact={true}
                to="/documentation"
              >
                Documentation
              </GatsbyLink>
            </li>,
            <li>
              <GatsbyLink
                activeClassName="ActiveFilter"
                aria-label="Select to filter cards by the resource type"
                exact={true}
                to="/self-service-tools"
              >
                Self-Service Tools
              </GatsbyLink>
            </li>,
            <li>
              <GatsbyLink
                activeClassName="ActiveFilter"
                aria-label="Select to filter cards by the resource type"
                exact={true}
                to="/repositories"
              >
                Repositories
              </GatsbyLink>
            </li>,
          ],
          "className": "largeOnly",
        },
        "ref": null,
        "rendered": Array [
          Object {
            "instance": null,
            "key": "0",
            "nodeType": "host",
            "props": Object {
              "children": <GatsbyLink
                activeClassName="ActiveFilter"
                aria-label="Select to filter cards by the resource type"
                exact={true}
                to="/"
              >
                All
              </GatsbyLink>,
            },
            "ref": null,
            "rendered": Object {
              "instance": null,
              "key": undefined,
              "nodeType": "function",
              "props": Object {
                "activeClassName": "ActiveFilter",
                "aria-label": "Select to filter cards by the resource type",
                "children": "All",
                "exact": true,
                "to": "/",
              },
              "ref": null,
              "rendered": "All",
              "type": [Function],
            },
            "type": "li",
          },
          Object {
            "instance": null,
            "key": "1",
            "nodeType": "host",
            "props": Object {
              "children": <GatsbyLink
                activeClassName="ActiveFilter"
                aria-label="Select to filter cards by the resource type"
                exact={true}
                to="/components"
              >
                Components
              </GatsbyLink>,
            },
            "ref": null,
            "rendered": Object {
              "instance": null,
              "key": undefined,
              "nodeType": "function",
              "props": Object {
                "activeClassName": "ActiveFilter",
                "aria-label": "Select to filter cards by the resource type",
                "children": "Components",
                "exact": true,
                "to": "/components",
              },
              "ref": null,
              "rendered": "Components",
              "type": [Function],
            },
            "type": "li",
          },
          Object {
            "instance": null,
            "key": "2",
            "nodeType": "host",
            "props": Object {
              "children": <GatsbyLink
                activeClassName="ActiveFilter"
                aria-label="Select to filter cards by the resource type"
                exact={true}
                to="/documentation"
              >
                Documentation
              </GatsbyLink>,
            },
            "ref": null,
            "rendered": Object {
              "instance": null,
              "key": undefined,
              "nodeType": "function",
              "props": Object {
                "activeClassName": "ActiveFilter",
                "aria-label": "Select to filter cards by the resource type",
                "children": "Documentation",
                "exact": true,
                "to": "/documentation",
              },
              "ref": null,
              "rendered": "Documentation",
              "type": [Function],
            },
            "type": "li",
          },
          Object {
            "instance": null,
            "key": "3",
            "nodeType": "host",
            "props": Object {
              "children": <GatsbyLink
                activeClassName="ActiveFilter"
                aria-label="Select to filter cards by the resource type"
                exact={true}
                to="/self-service-tools"
              >
                Self-Service Tools
              </GatsbyLink>,
            },
            "ref": null,
            "rendered": Object {
              "instance": null,
              "key": undefined,
              "nodeType": "function",
              "props": Object {
                "activeClassName": "ActiveFilter",
                "aria-label": "Select to filter cards by the resource type",
                "children": "Self-Service Tools",
                "exact": true,
                "to": "/self-service-tools",
              },
              "ref": null,
              "rendered": "Self-Service Tools",
              "type": [Function],
            },
            "type": "li",
          },
          Object {
            "instance": null,
            "key": "4",
            "nodeType": "host",
            "props": Object {
              "children": <GatsbyLink
                activeClassName="ActiveFilter"
                aria-label="Select to filter cards by the resource type"
                exact={true}
                to="/repositories"
              >
                Repositories
              </GatsbyLink>,
            },
            "ref": null,
            "rendered": Object {
              "instance": null,
              "key": undefined,
              "nodeType": "function",
              "props": Object {
                "activeClassName": "ActiveFilter",
                "aria-label": "Select to filter cards by the resource type",
                "children": "Repositories",
                "exact": true,
                "to": "/repositories",
              },
              "ref": null,
              "rendered": "Repositories",
              "type": [Function],
            },
            "type": "li",
          },
        ],
        "type": "ul",
      },
      "type": "nav",
    },
  ],
  Symbol(enzyme.__options__): Object {
    "adapter": ReactSixteenAdapter {
      "options": Object {
        "enableComponentDidUpdateOnSetState": true,
        "lifecycles": Object {
          "componentDidUpdate": Object {
            "onSetState": true,
          },
          "getDerivedStateFromProps": true,
          "getSnapshotBeforeUpdate": true,
          "setState": Object {
            "skipsComponentDidUpdateOnNullish": true,
          },
        },
      },
    },
  },
}
`;
