// Jest Snapshot v1, https://goo.gl/fbAQLP

exports[`Primary Header Component it matches snapshot 1`] = `
<header
  className="PrimaryHeader"
>
  <Banner
    navigateOnClickPath=""
  />
  <div
    className="Other"
  >
    <Flag
      name="features.login"
    >
      <Connect(Login) />
    </Flag>
  </div>
</header>
`;
