// Jest Snapshot v1, https://goo.gl/fbAQLP

exports[`Primary Header Component it matches snapshot 1`] = `
<header
  className="PrimaryHeader"
>
  <Banner />
  <div
    className="Other"
  >
    <div
      className="LoginWrapper"
    >
      <Login
        authenticated={false}
      />
    </div>
  </div>
</header>
`;
