// Jest Snapshot v1, https://goo.gl/fbAQLP

exports[`Primary Footer Component it matches snapshot 1`] = `
<footer
  className="PrimaryFooter"
>
  <div
    className="Container"
  >
    <NavigationItems
      items={
        Array [
          Object {
            "text": "home",
            "to": "/",
          },
          Object {
            "text": "disclaimer",
            "to": "https://www2.gov.bc.ca/gov/content/home/disclaimer",
          },
          Object {
            "text": "privacy",
            "to": "https://www2.gov.bc.ca/gov/content/home/privacy",
          },
          Object {
            "text": "accessibility",
            "to": "https://www2.gov.bc.ca/gov/content/home/accessibility",
          },
          Object {
            "text": "copyright",
            "to": "https://www2.gov.bc.ca/gov/content/home/copyright",
          },
          Object {
            "text": "contact us",
            "to": "https://github.com/bcgov/devhub-app-web/issues",
          },
        ]
      }
    />
    <a
      aria-label="View the BC Dev Exchange Organization"
      href="https://bcdevexchange.org"
      style={
        Object {
          "display": "inline-block",
          "margin": "0 5px",
          "width": "50px",
        }
      }
      title="BC Dev Exchange"
    >
      <img
        alt="Government Of BC"
        src="devex.svg"
        style={
          Object {
            "margin": 0,
            "maxHeight": "50px",
          }
        }
      />
    </a>
  </div>
</footer>
`;
