// Jest Snapshot v1, https://goo.gl/fbAQLP

exports[`Primary Footer Component it matches snapshot 1`] = `
<footer
  className="PrimaryFooter"
>
  <div
    className="Container"
  >
    <NavigationItems
      items={
        Array [
          Object {
            "text": "home",
            "to": "/",
          },
        ]
      }
    />
  </div>
</footer>
`;
