// Jest Snapshot v1, https://goo.gl/fbAQLP

exports[`Resource Preview Component it matches snapshot 1`] = `
<section
  className="ResourcePreview"
>
  <h2
    className="Title"
  >
    foo
  </h2>
  <p>
    children
  </p>
  <div
    className="LinkContainer"
  >
    <ChevronLink
      to="/"
    >
      bar
    </ChevronLink>
  </div>
</section>
`;
