// Jest Snapshot v1, https://goo.gl/fbAQLP

exports[`WelcomePanel Component it matches snapshot 1`] = `
ShallowWrapper {
  Symbol(enzyme.__root__): [Circular],
  Symbol(enzyme.__unrendered__): <WelcomePanel
    displayWelcome={true}
  />,
  Symbol(enzyme.__renderer__): Object {
    "batchedUpdates": [Function],
    "getNode": [Function],
    "render": [Function],
    "simulateError": [Function],
    "simulateEvent": [Function],
    "unmount": [Function],
  },
  Symbol(enzyme.__node__): Object {
    "instance": null,
    "key": undefined,
    "nodeType": "host",
    "props": Object {
      "children": Array [
        <h1
          className="jumbotron-heading"
        >
          Welcome.
        </h1>,
        <h3>
           We are here to help.
        </h3>,
        <p
          className="lead"
        >
          This is the front door to the developer community of the BC Government. The aim of the DevHub is to help developers and digital product teams learn new skills and discover resources to use on their journeys of creating amazing applications for government.
        </p>,
        <p>
          In the future, we plan to offer a variety of cool and useful ways to organize and navigate DevHub resources. For now, you can tell us who you are below and we'll tailor the set of resources shown just for you.
        </p>,
        <div
          className="d-flex justify-content-center align-items-center"
        >
          <Connect(CardFilterButton)
            className="btn btn-outline-primary"
            filterKey="2"
            scrollToTarget="CARDS_CONTAINER"
          >
            I'm a Developer
          </Connect(CardFilterButton)>
          <Connect(CardFilterButton)
            className="btn btn-outline-success"
            filterKey="1"
            scrollToTarget="CARDS_CONTAINER"
          >
            I'm a Designer
          </Connect(CardFilterButton)>
        </div>,
        <blockquote
          className="blockquote"
        >
          <p
            className="mb-0"
          >
            Thanks for visiting!
          </p>
          <footer
            className="blockquote-footer"
          >
            The DevHub Team.
          </footer>
        </blockquote>,
        <p
          className="text-muted"
        >
          PS. If you’d like to comment, offer a suggestion or ask a question you can find us by opening an issue in our 
          <a
            href="https://github.com/bcgov/devhub-app-web/issues"
          >
            GitHub
          </a>
           repository.
        </p>,
      ],
      "className": "jumbotron text-center",
    },
    "ref": null,
    "rendered": Array [
      Object {
        "instance": null,
        "key": undefined,
        "nodeType": "host",
        "props": Object {
          "children": "Welcome.",
          "className": "jumbotron-heading",
        },
        "ref": null,
        "rendered": "Welcome.",
        "type": "h1",
      },
      Object {
        "instance": null,
        "key": undefined,
        "nodeType": "host",
        "props": Object {
          "children": " We are here to help.",
        },
        "ref": null,
        "rendered": " We are here to help.",
        "type": "h3",
      },
      Object {
        "instance": null,
        "key": undefined,
        "nodeType": "host",
        "props": Object {
          "children": "This is the front door to the developer community of the BC Government. The aim of the DevHub is to help developers and digital product teams learn new skills and discover resources to use on their journeys of creating amazing applications for government.",
          "className": "lead",
        },
        "ref": null,
        "rendered": "This is the front door to the developer community of the BC Government. The aim of the DevHub is to help developers and digital product teams learn new skills and discover resources to use on their journeys of creating amazing applications for government.",
        "type": "p",
      },
      Object {
        "instance": null,
        "key": undefined,
        "nodeType": "host",
        "props": Object {
          "children": "In the future, we plan to offer a variety of cool and useful ways to organize and navigate DevHub resources. For now, you can tell us who you are below and we'll tailor the set of resources shown just for you.",
        },
        "ref": null,
        "rendered": "In the future, we plan to offer a variety of cool and useful ways to organize and navigate DevHub resources. For now, you can tell us who you are below and we'll tailor the set of resources shown just for you.",
        "type": "p",
      },
      Object {
        "instance": null,
        "key": undefined,
        "nodeType": "host",
        "props": Object {
          "children": Array [
            <Connect(CardFilterButton)
              className="btn btn-outline-primary"
              filterKey="2"
              scrollToTarget="CARDS_CONTAINER"
            >
              I'm a Developer
            </Connect(CardFilterButton)>,
            <Connect(CardFilterButton)
              className="btn btn-outline-success"
              filterKey="1"
              scrollToTarget="CARDS_CONTAINER"
            >
              I'm a Designer
            </Connect(CardFilterButton)>,
          ],
          "className": "d-flex justify-content-center align-items-center",
        },
        "ref": null,
        "rendered": Array [
          Object {
            "instance": null,
            "key": undefined,
            "nodeType": "class",
            "props": Object {
              "children": "I'm a Developer",
              "className": "btn btn-outline-primary",
              "filterKey": "2",
              "scrollToTarget": "CARDS_CONTAINER",
            },
            "ref": null,
            "rendered": "I'm a Developer",
            "type": [Function],
          },
          Object {
            "instance": null,
            "key": undefined,
            "nodeType": "class",
            "props": Object {
              "children": "I'm a Designer",
              "className": "btn btn-outline-success",
              "filterKey": "1",
              "scrollToTarget": "CARDS_CONTAINER",
            },
            "ref": null,
            "rendered": "I'm a Designer",
            "type": [Function],
          },
        ],
        "type": "div",
      },
      Object {
        "instance": null,
        "key": undefined,
        "nodeType": "host",
        "props": Object {
          "children": Array [
            <p
              className="mb-0"
            >
              Thanks for visiting!
            </p>,
            <footer
              className="blockquote-footer"
            >
              The DevHub Team.
            </footer>,
          ],
          "className": "blockquote",
        },
        "ref": null,
        "rendered": Array [
          Object {
            "instance": null,
            "key": undefined,
            "nodeType": "host",
            "props": Object {
              "children": "Thanks for visiting!",
              "className": "mb-0",
            },
            "ref": null,
            "rendered": "Thanks for visiting!",
            "type": "p",
          },
          Object {
            "instance": null,
            "key": undefined,
            "nodeType": "host",
            "props": Object {
              "children": "The DevHub Team.",
              "className": "blockquote-footer",
            },
            "ref": null,
            "rendered": "The DevHub Team.",
            "type": "footer",
          },
        ],
        "type": "blockquote",
      },
      Object {
        "instance": null,
        "key": undefined,
        "nodeType": "host",
        "props": Object {
          "children": Array [
            "PS. If you’d like to comment, offer a suggestion or ask a question you can find us by opening an issue in our ",
            <a
              href="https://github.com/bcgov/devhub-app-web/issues"
            >
              GitHub
            </a>,
            " repository.",
          ],
          "className": "text-muted",
        },
        "ref": null,
        "rendered": Array [
          "PS. If you’d like to comment, offer a suggestion or ask a question you can find us by opening an issue in our ",
          Object {
            "instance": null,
            "key": undefined,
            "nodeType": "host",
            "props": Object {
              "children": "GitHub",
              "href": "https://github.com/bcgov/devhub-app-web/issues",
            },
            "ref": null,
            "rendered": "GitHub",
            "type": "a",
          },
          " repository.",
        ],
        "type": "p",
      },
    ],
    "type": "section",
  },
  Symbol(enzyme.__nodes__): Array [
    Object {
      "instance": null,
      "key": undefined,
      "nodeType": "host",
      "props": Object {
        "children": Array [
          <h1
            className="jumbotron-heading"
          >
            Welcome.
          </h1>,
          <h3>
             We are here to help.
          </h3>,
          <p
            className="lead"
          >
            This is the front door to the developer community of the BC Government. The aim of the DevHub is to help developers and digital product teams learn new skills and discover resources to use on their journeys of creating amazing applications for government.
          </p>,
          <p>
            In the future, we plan to offer a variety of cool and useful ways to organize and navigate DevHub resources. For now, you can tell us who you are below and we'll tailor the set of resources shown just for you.
          </p>,
          <div
            className="d-flex justify-content-center align-items-center"
          >
            <Connect(CardFilterButton)
              className="btn btn-outline-primary"
              filterKey="2"
              scrollToTarget="CARDS_CONTAINER"
            >
              I'm a Developer
            </Connect(CardFilterButton)>
            <Connect(CardFilterButton)
              className="btn btn-outline-success"
              filterKey="1"
              scrollToTarget="CARDS_CONTAINER"
            >
              I'm a Designer
            </Connect(CardFilterButton)>
          </div>,
          <blockquote
            className="blockquote"
          >
            <p
              className="mb-0"
            >
              Thanks for visiting!
            </p>
            <footer
              className="blockquote-footer"
            >
              The DevHub Team.
            </footer>
          </blockquote>,
          <p
            className="text-muted"
          >
            PS. If you’d like to comment, offer a suggestion or ask a question you can find us by opening an issue in our 
            <a
              href="https://github.com/bcgov/devhub-app-web/issues"
            >
              GitHub
            </a>
             repository.
          </p>,
        ],
        "className": "jumbotron text-center",
      },
      "ref": null,
      "rendered": Array [
        Object {
          "instance": null,
          "key": undefined,
          "nodeType": "host",
          "props": Object {
            "children": "Welcome.",
            "className": "jumbotron-heading",
          },
          "ref": null,
          "rendered": "Welcome.",
          "type": "h1",
        },
        Object {
          "instance": null,
          "key": undefined,
          "nodeType": "host",
          "props": Object {
            "children": " We are here to help.",
          },
          "ref": null,
          "rendered": " We are here to help.",
          "type": "h3",
        },
        Object {
          "instance": null,
          "key": undefined,
          "nodeType": "host",
          "props": Object {
            "children": "This is the front door to the developer community of the BC Government. The aim of the DevHub is to help developers and digital product teams learn new skills and discover resources to use on their journeys of creating amazing applications for government.",
            "className": "lead",
          },
          "ref": null,
          "rendered": "This is the front door to the developer community of the BC Government. The aim of the DevHub is to help developers and digital product teams learn new skills and discover resources to use on their journeys of creating amazing applications for government.",
          "type": "p",
        },
        Object {
          "instance": null,
          "key": undefined,
          "nodeType": "host",
          "props": Object {
            "children": "In the future, we plan to offer a variety of cool and useful ways to organize and navigate DevHub resources. For now, you can tell us who you are below and we'll tailor the set of resources shown just for you.",
          },
          "ref": null,
          "rendered": "In the future, we plan to offer a variety of cool and useful ways to organize and navigate DevHub resources. For now, you can tell us who you are below and we'll tailor the set of resources shown just for you.",
          "type": "p",
        },
        Object {
          "instance": null,
          "key": undefined,
          "nodeType": "host",
          "props": Object {
            "children": Array [
              <Connect(CardFilterButton)
                className="btn btn-outline-primary"
                filterKey="2"
                scrollToTarget="CARDS_CONTAINER"
              >
                I'm a Developer
              </Connect(CardFilterButton)>,
              <Connect(CardFilterButton)
                className="btn btn-outline-success"
                filterKey="1"
                scrollToTarget="CARDS_CONTAINER"
              >
                I'm a Designer
              </Connect(CardFilterButton)>,
            ],
            "className": "d-flex justify-content-center align-items-center",
          },
          "ref": null,
          "rendered": Array [
            Object {
              "instance": null,
              "key": undefined,
              "nodeType": "class",
              "props": Object {
                "children": "I'm a Developer",
                "className": "btn btn-outline-primary",
                "filterKey": "2",
                "scrollToTarget": "CARDS_CONTAINER",
              },
              "ref": null,
              "rendered": "I'm a Developer",
              "type": [Function],
            },
            Object {
              "instance": null,
              "key": undefined,
              "nodeType": "class",
              "props": Object {
                "children": "I'm a Designer",
                "className": "btn btn-outline-success",
                "filterKey": "1",
                "scrollToTarget": "CARDS_CONTAINER",
              },
              "ref": null,
              "rendered": "I'm a Designer",
              "type": [Function],
            },
          ],
          "type": "div",
        },
        Object {
          "instance": null,
          "key": undefined,
          "nodeType": "host",
          "props": Object {
            "children": Array [
              <p
                className="mb-0"
              >
                Thanks for visiting!
              </p>,
              <footer
                className="blockquote-footer"
              >
                The DevHub Team.
              </footer>,
            ],
            "className": "blockquote",
          },
          "ref": null,
          "rendered": Array [
            Object {
              "instance": null,
              "key": undefined,
              "nodeType": "host",
              "props": Object {
                "children": "Thanks for visiting!",
                "className": "mb-0",
              },
              "ref": null,
              "rendered": "Thanks for visiting!",
              "type": "p",
            },
            Object {
              "instance": null,
              "key": undefined,
              "nodeType": "host",
              "props": Object {
                "children": "The DevHub Team.",
                "className": "blockquote-footer",
              },
              "ref": null,
              "rendered": "The DevHub Team.",
              "type": "footer",
            },
          ],
          "type": "blockquote",
        },
        Object {
          "instance": null,
          "key": undefined,
          "nodeType": "host",
          "props": Object {
            "children": Array [
              "PS. If you’d like to comment, offer a suggestion or ask a question you can find us by opening an issue in our ",
              <a
                href="https://github.com/bcgov/devhub-app-web/issues"
              >
                GitHub
              </a>,
              " repository.",
            ],
            "className": "text-muted",
          },
          "ref": null,
          "rendered": Array [
            "PS. If you’d like to comment, offer a suggestion or ask a question you can find us by opening an issue in our ",
            Object {
              "instance": null,
              "key": undefined,
              "nodeType": "host",
              "props": Object {
                "children": "GitHub",
                "href": "https://github.com/bcgov/devhub-app-web/issues",
              },
              "ref": null,
              "rendered": "GitHub",
              "type": "a",
            },
            " repository.",
          ],
          "type": "p",
        },
      ],
      "type": "section",
    },
  ],
  Symbol(enzyme.__options__): Object {
    "adapter": ReactSixteenAdapter {
      "options": Object {
        "enableComponentDidUpdateOnSetState": true,
        "lifecycles": Object {
          "componentDidUpdate": Object {
            "onSetState": true,
          },
          "getDerivedStateFromProps": true,
          "getSnapshotBeforeUpdate": true,
          "setState": Object {
            "skipsComponentDidUpdateOnNullish": true,
          },
        },
      },
    },
  },
}
`;
