// Jest Snapshot v1, https://goo.gl/fbAQLP

exports[`Navigational Item Component it matches snapshot 1`] = `
ShallowWrapper {
  Symbol(enzyme.__root__): [Circular],
  Symbol(enzyme.__unrendered__): <NavigationalItems
    navItems={
      Array [
        "link 1",
        "link 2",
      ]
    }
  />,
  Symbol(enzyme.__renderer__): Object {
    "batchedUpdates": [Function],
    "getNode": [Function],
    "render": [Function],
    "simulateError": [Function],
    "simulateEvent": [Function],
    "unmount": [Function],
  },
  Symbol(enzyme.__node__): Object {
    "instance": null,
    "key": undefined,
    "nodeType": "host",
    "props": Object {
      "children": Array [
        <NavigationalItem
          description=""
          icon="coffee"
          title="link 1"
        />,
        <NavigationalItem
          description=""
          icon="coffee"
          title="link 2"
        />,
      ],
      "className": "NavigationalItems",
    },
    "ref": null,
    "rendered": Array [
      Object {
        "instance": null,
        "key": "link 1_0",
        "nodeType": "function",
        "props": Object {
          "description": "",
          "icon": "coffee",
          "title": "link 1",
        },
        "ref": null,
        "rendered": null,
        "type": [Function],
      },
      Object {
        "instance": null,
        "key": "link 2_1",
        "nodeType": "function",
        "props": Object {
          "description": "",
          "icon": "coffee",
          "title": "link 2",
        },
        "ref": null,
        "rendered": null,
        "type": [Function],
      },
    ],
    "type": "div",
  },
  Symbol(enzyme.__nodes__): Array [
    Object {
      "instance": null,
      "key": undefined,
      "nodeType": "host",
      "props": Object {
        "children": Array [
          <NavigationalItem
            description=""
            icon="coffee"
            title="link 1"
          />,
          <NavigationalItem
            description=""
            icon="coffee"
            title="link 2"
          />,
        ],
        "className": "NavigationalItems",
      },
      "ref": null,
      "rendered": Array [
        Object {
          "instance": null,
          "key": "link 1_0",
          "nodeType": "function",
          "props": Object {
            "description": "",
            "icon": "coffee",
            "title": "link 1",
          },
          "ref": null,
          "rendered": null,
          "type": [Function],
        },
        Object {
          "instance": null,
          "key": "link 2_1",
          "nodeType": "function",
          "props": Object {
            "description": "",
            "icon": "coffee",
            "title": "link 2",
          },
          "ref": null,
          "rendered": null,
          "type": [Function],
        },
      ],
      "type": "div",
    },
  ],
  Symbol(enzyme.__options__): Object {
    "adapter": ReactSixteenAdapter {
      "options": Object {
        "enableComponentDidUpdateOnSetState": true,
        "lifecycles": Object {
          "componentDidUpdate": Object {
            "onSetState": true,
          },
          "getDerivedStateFromProps": true,
          "getSnapshotBeforeUpdate": true,
          "setState": Object {
            "skipsComponentDidUpdateOnNullish": true,
          },
        },
      },
    },
    "attachTo": undefined,
    "hydrateIn": undefined,
  },
}
`;
