// Jest Snapshot v1, https://goo.gl/fbAQLP

exports[`Navigation Item Component it matches snapshot 1`] = `
.emotion-0 {
  -webkit-text-decoration: underline;
  text-decoration: underline;
  color: #1A5A96;
  font-weight: 400;
  text-transform: capitalize;
  padding: 0 4px;
  margin: 0 2px;
}

<li>
  <a
    class="emotion-0 emotion-1"
    css="You have tried to stringify object returned from \`css\` function. It isn't supposed to be used directly (e.g. as value of the \`className\` prop), but rather handed to emotion so it can handle it (e.g. as value of \`css\` prop)."
    data-testid="ui-gatsby-link"
    href="/"
  >
    banana
  </a>
</li>
`;
