// Jest Snapshot v1, https://goo.gl/fbAQLP

exports[`Sidedrawer Page it matches snapshot 1`] = `
.emotion-0 {
  position: fixed;
  top: 0;
  left: 0;
  right: 0;
  bottom: 0;
  z-index: 250;
  background-color: rgba(0,0,0,0.35);
}

<div
  class="emotion-0 emotion-1"
  data-testid="side-drawer-backdrop"
/>
`;
