// Jest Snapshot v1, https://goo.gl/fbAQLP

exports[`Hexgrid component it matches snapshot 1`] = `
ShallowWrapper {
  Symbol(enzyme.__root__): [Circular],
  Symbol(enzyme.__unrendered__): <Hexgrid
    gridPattern={
      Array [
        3,
        2,
      ]
    }
    items={
      Array [
        <div>
          TestComponent
        </div>,
        <div>
          TestComponent
        </div>,
        <div>
          TestComponent
        </div>,
        <div>
          TestComponent
        </div>,
        <div>
          TestComponent
        </div>,
        <div>
          TestComponent
        </div>,
        <div>
          TestComponent
        </div>,
        <div>
          TestComponent
        </div>,
        <div>
          TestComponent
        </div>,
      ]
    }
  />,
  Symbol(enzyme.__renderer__): Object {
    "batchedUpdates": [Function],
    "getNode": [Function],
    "render": [Function],
    "simulateError": [Function],
    "simulateEvent": [Function],
    "unmount": [Function],
  },
  Symbol(enzyme.__node__): Object {
    "instance": null,
    "key": undefined,
    "nodeType": "host",
    "props": Object {
      "children": Array [
        <HexBlock
          clicked={[Function]}
          collapses={false}
          fontSize="16px"
          gridClassNumber={3}
        >
          <div>
            TestComponent
          </div>
        </HexBlock>,
        <HexBlock
          clicked={[Function]}
          collapses={false}
          fontSize="16px"
          gridClassNumber={3}
        >
          <div>
            TestComponent
          </div>
        </HexBlock>,
        <HexBlock
          clicked={[Function]}
          collapses={false}
          fontSize="16px"
          gridClassNumber={3}
        >
          <div>
            TestComponent
          </div>
        </HexBlock>,
        <HexBlock
          clicked={[Function]}
          collapses={false}
          fontSize="16px"
          gridClassNumber={2}
        >
          <div>
            TestComponent
          </div>
        </HexBlock>,
        <HexBlock
          clicked={[Function]}
          collapses={false}
          fontSize="16px"
          gridClassNumber={2}
        >
          <div>
            TestComponent
          </div>
        </HexBlock>,
        <HexBlock
          clicked={[Function]}
          collapses={false}
          fontSize="16px"
          gridClassNumber={3}
        >
          <div>
            TestComponent
          </div>
        </HexBlock>,
        <HexBlock
          clicked={[Function]}
          collapses={false}
          fontSize="16px"
          gridClassNumber={3}
        >
          <div>
            TestComponent
          </div>
        </HexBlock>,
        <HexBlock
          clicked={[Function]}
          collapses={false}
          fontSize="16px"
          gridClassNumber={3}
        >
          <div>
            TestComponent
          </div>
        </HexBlock>,
        <HexBlock
          clicked={[Function]}
          collapses={false}
          fontSize="16px"
          gridClassNumber={2}
        >
          <div>
            TestComponent
          </div>
        </HexBlock>,
      ],
      "className": "Hexgrid",
    },
    "ref": null,
    "rendered": Array [
      Object {
        "instance": null,
        "key": "0",
        "nodeType": "function",
        "props": Object {
          "children": <div>
            TestComponent
          </div>,
          "clicked": [Function],
          "collapses": false,
          "fontSize": "16px",
          "gridClassNumber": 3,
        },
        "ref": null,
        "rendered": Object {
          "instance": null,
          "key": undefined,
          "nodeType": "host",
          "props": Object {
            "children": "TestComponent",
          },
          "ref": null,
          "rendered": "TestComponent",
          "type": "div",
        },
        "type": [Function],
      },
      Object {
        "instance": null,
        "key": "1",
        "nodeType": "function",
        "props": Object {
          "children": <div>
            TestComponent
          </div>,
          "clicked": [Function],
          "collapses": false,
          "fontSize": "16px",
          "gridClassNumber": 3,
        },
        "ref": null,
        "rendered": Object {
          "instance": null,
          "key": undefined,
          "nodeType": "host",
          "props": Object {
            "children": "TestComponent",
          },
          "ref": null,
          "rendered": "TestComponent",
          "type": "div",
        },
        "type": [Function],
      },
      Object {
        "instance": null,
        "key": "2",
        "nodeType": "function",
        "props": Object {
          "children": <div>
            TestComponent
          </div>,
          "clicked": [Function],
          "collapses": false,
          "fontSize": "16px",
          "gridClassNumber": 3,
        },
        "ref": null,
        "rendered": Object {
          "instance": null,
          "key": undefined,
          "nodeType": "host",
          "props": Object {
            "children": "TestComponent",
          },
          "ref": null,
          "rendered": "TestComponent",
          "type": "div",
        },
        "type": [Function],
      },
      Object {
        "instance": null,
        "key": "3",
        "nodeType": "function",
        "props": Object {
          "children": <div>
            TestComponent
          </div>,
          "clicked": [Function],
          "collapses": false,
          "fontSize": "16px",
          "gridClassNumber": 2,
        },
        "ref": null,
        "rendered": Object {
          "instance": null,
          "key": undefined,
          "nodeType": "host",
          "props": Object {
            "children": "TestComponent",
          },
          "ref": null,
          "rendered": "TestComponent",
          "type": "div",
        },
        "type": [Function],
      },
      Object {
        "instance": null,
        "key": "4",
        "nodeType": "function",
        "props": Object {
          "children": <div>
            TestComponent
          </div>,
          "clicked": [Function],
          "collapses": false,
          "fontSize": "16px",
          "gridClassNumber": 2,
        },
        "ref": null,
        "rendered": Object {
          "instance": null,
          "key": undefined,
          "nodeType": "host",
          "props": Object {
            "children": "TestComponent",
          },
          "ref": null,
          "rendered": "TestComponent",
          "type": "div",
        },
        "type": [Function],
      },
      Object {
        "instance": null,
        "key": "5",
        "nodeType": "function",
        "props": Object {
          "children": <div>
            TestComponent
          </div>,
          "clicked": [Function],
          "collapses": false,
          "fontSize": "16px",
          "gridClassNumber": 3,
        },
        "ref": null,
        "rendered": Object {
          "instance": null,
          "key": undefined,
          "nodeType": "host",
          "props": Object {
            "children": "TestComponent",
          },
          "ref": null,
          "rendered": "TestComponent",
          "type": "div",
        },
        "type": [Function],
      },
      Object {
        "instance": null,
        "key": "6",
        "nodeType": "function",
        "props": Object {
          "children": <div>
            TestComponent
          </div>,
          "clicked": [Function],
          "collapses": false,
          "fontSize": "16px",
          "gridClassNumber": 3,
        },
        "ref": null,
        "rendered": Object {
          "instance": null,
          "key": undefined,
          "nodeType": "host",
          "props": Object {
            "children": "TestComponent",
          },
          "ref": null,
          "rendered": "TestComponent",
          "type": "div",
        },
        "type": [Function],
      },
      Object {
        "instance": null,
        "key": "7",
        "nodeType": "function",
        "props": Object {
          "children": <div>
            TestComponent
          </div>,
          "clicked": [Function],
          "collapses": false,
          "fontSize": "16px",
          "gridClassNumber": 3,
        },
        "ref": null,
        "rendered": Object {
          "instance": null,
          "key": undefined,
          "nodeType": "host",
          "props": Object {
            "children": "TestComponent",
          },
          "ref": null,
          "rendered": "TestComponent",
          "type": "div",
        },
        "type": [Function],
      },
      Object {
        "instance": null,
        "key": "8",
        "nodeType": "function",
        "props": Object {
          "children": <div>
            TestComponent
          </div>,
          "clicked": [Function],
          "collapses": false,
          "fontSize": "16px",
          "gridClassNumber": 2,
        },
        "ref": null,
        "rendered": Object {
          "instance": null,
          "key": undefined,
          "nodeType": "host",
          "props": Object {
            "children": "TestComponent",
          },
          "ref": null,
          "rendered": "TestComponent",
          "type": "div",
        },
        "type": [Function],
      },
    ],
    "type": "div",
  },
  Symbol(enzyme.__nodes__): Array [
    Object {
      "instance": null,
      "key": undefined,
      "nodeType": "host",
      "props": Object {
        "children": Array [
          <HexBlock
            clicked={[Function]}
            collapses={false}
            fontSize="16px"
            gridClassNumber={3}
          >
            <div>
              TestComponent
            </div>
          </HexBlock>,
          <HexBlock
            clicked={[Function]}
            collapses={false}
            fontSize="16px"
            gridClassNumber={3}
          >
            <div>
              TestComponent
            </div>
          </HexBlock>,
          <HexBlock
            clicked={[Function]}
            collapses={false}
            fontSize="16px"
            gridClassNumber={3}
          >
            <div>
              TestComponent
            </div>
          </HexBlock>,
          <HexBlock
            clicked={[Function]}
            collapses={false}
            fontSize="16px"
            gridClassNumber={2}
          >
            <div>
              TestComponent
            </div>
          </HexBlock>,
          <HexBlock
            clicked={[Function]}
            collapses={false}
            fontSize="16px"
            gridClassNumber={2}
          >
            <div>
              TestComponent
            </div>
          </HexBlock>,
          <HexBlock
            clicked={[Function]}
            collapses={false}
            fontSize="16px"
            gridClassNumber={3}
          >
            <div>
              TestComponent
            </div>
          </HexBlock>,
          <HexBlock
            clicked={[Function]}
            collapses={false}
            fontSize="16px"
            gridClassNumber={3}
          >
            <div>
              TestComponent
            </div>
          </HexBlock>,
          <HexBlock
            clicked={[Function]}
            collapses={false}
            fontSize="16px"
            gridClassNumber={3}
          >
            <div>
              TestComponent
            </div>
          </HexBlock>,
          <HexBlock
            clicked={[Function]}
            collapses={false}
            fontSize="16px"
            gridClassNumber={2}
          >
            <div>
              TestComponent
            </div>
          </HexBlock>,
        ],
        "className": "Hexgrid",
      },
      "ref": null,
      "rendered": Array [
        Object {
          "instance": null,
          "key": "0",
          "nodeType": "function",
          "props": Object {
            "children": <div>
              TestComponent
            </div>,
            "clicked": [Function],
            "collapses": false,
            "fontSize": "16px",
            "gridClassNumber": 3,
          },
          "ref": null,
          "rendered": Object {
            "instance": null,
            "key": undefined,
            "nodeType": "host",
            "props": Object {
              "children": "TestComponent",
            },
            "ref": null,
            "rendered": "TestComponent",
            "type": "div",
          },
          "type": [Function],
        },
        Object {
          "instance": null,
          "key": "1",
          "nodeType": "function",
          "props": Object {
            "children": <div>
              TestComponent
            </div>,
            "clicked": [Function],
            "collapses": false,
            "fontSize": "16px",
            "gridClassNumber": 3,
          },
          "ref": null,
          "rendered": Object {
            "instance": null,
            "key": undefined,
            "nodeType": "host",
            "props": Object {
              "children": "TestComponent",
            },
            "ref": null,
            "rendered": "TestComponent",
            "type": "div",
          },
          "type": [Function],
        },
        Object {
          "instance": null,
          "key": "2",
          "nodeType": "function",
          "props": Object {
            "children": <div>
              TestComponent
            </div>,
            "clicked": [Function],
            "collapses": false,
            "fontSize": "16px",
            "gridClassNumber": 3,
          },
          "ref": null,
          "rendered": Object {
            "instance": null,
            "key": undefined,
            "nodeType": "host",
            "props": Object {
              "children": "TestComponent",
            },
            "ref": null,
            "rendered": "TestComponent",
            "type": "div",
          },
          "type": [Function],
        },
        Object {
          "instance": null,
          "key": "3",
          "nodeType": "function",
          "props": Object {
            "children": <div>
              TestComponent
            </div>,
            "clicked": [Function],
            "collapses": false,
            "fontSize": "16px",
            "gridClassNumber": 2,
          },
          "ref": null,
          "rendered": Object {
            "instance": null,
            "key": undefined,
            "nodeType": "host",
            "props": Object {
              "children": "TestComponent",
            },
            "ref": null,
            "rendered": "TestComponent",
            "type": "div",
          },
          "type": [Function],
        },
        Object {
          "instance": null,
          "key": "4",
          "nodeType": "function",
          "props": Object {
            "children": <div>
              TestComponent
            </div>,
            "clicked": [Function],
            "collapses": false,
            "fontSize": "16px",
            "gridClassNumber": 2,
          },
          "ref": null,
          "rendered": Object {
            "instance": null,
            "key": undefined,
            "nodeType": "host",
            "props": Object {
              "children": "TestComponent",
            },
            "ref": null,
            "rendered": "TestComponent",
            "type": "div",
          },
          "type": [Function],
        },
        Object {
          "instance": null,
          "key": "5",
          "nodeType": "function",
          "props": Object {
            "children": <div>
              TestComponent
            </div>,
            "clicked": [Function],
            "collapses": false,
            "fontSize": "16px",
            "gridClassNumber": 3,
          },
          "ref": null,
          "rendered": Object {
            "instance": null,
            "key": undefined,
            "nodeType": "host",
            "props": Object {
              "children": "TestComponent",
            },
            "ref": null,
            "rendered": "TestComponent",
            "type": "div",
          },
          "type": [Function],
        },
        Object {
          "instance": null,
          "key": "6",
          "nodeType": "function",
          "props": Object {
            "children": <div>
              TestComponent
            </div>,
            "clicked": [Function],
            "collapses": false,
            "fontSize": "16px",
            "gridClassNumber": 3,
          },
          "ref": null,
          "rendered": Object {
            "instance": null,
            "key": undefined,
            "nodeType": "host",
            "props": Object {
              "children": "TestComponent",
            },
            "ref": null,
            "rendered": "TestComponent",
            "type": "div",
          },
          "type": [Function],
        },
        Object {
          "instance": null,
          "key": "7",
          "nodeType": "function",
          "props": Object {
            "children": <div>
              TestComponent
            </div>,
            "clicked": [Function],
            "collapses": false,
            "fontSize": "16px",
            "gridClassNumber": 3,
          },
          "ref": null,
          "rendered": Object {
            "instance": null,
            "key": undefined,
            "nodeType": "host",
            "props": Object {
              "children": "TestComponent",
            },
            "ref": null,
            "rendered": "TestComponent",
            "type": "div",
          },
          "type": [Function],
        },
        Object {
          "instance": null,
          "key": "8",
          "nodeType": "function",
          "props": Object {
            "children": <div>
              TestComponent
            </div>,
            "clicked": [Function],
            "collapses": false,
            "fontSize": "16px",
            "gridClassNumber": 2,
          },
          "ref": null,
          "rendered": Object {
            "instance": null,
            "key": undefined,
            "nodeType": "host",
            "props": Object {
              "children": "TestComponent",
            },
            "ref": null,
            "rendered": "TestComponent",
            "type": "div",
          },
          "type": [Function],
        },
      ],
      "type": "div",
    },
  ],
  Symbol(enzyme.__options__): Object {
    "adapter": ReactSixteenAdapter {
      "options": Object {
        "enableComponentDidUpdateOnSetState": true,
        "lifecycles": Object {
          "componentDidUpdate": Object {
            "onSetState": true,
          },
          "getDerivedStateFromProps": true,
          "getSnapshotBeforeUpdate": true,
          "setState": Object {
            "skipsComponentDidUpdateOnNullish": true,
          },
        },
      },
    },
  },
}
`;
