// Jest Snapshot v1, https://goo.gl/fbAQLP

exports[`Index Container it matches snapshot 1`] = `
<Layout>
  <Main>
    <Title
      subtitle="Explore resources that have been specially curated to enhance context, detail and accessibility."
      title="Collections"
    />
    <CollectionPreview
      description="baz"
      key="collection-1"
      link={null}
      resources={
        Array [
          Object {
            "_metadata": Object {
              "position": "000.000.000",
            },
            "id": "1",
            "resource": Object {
              "path": "/design-system/Z1bGIqu1",
              "type": "Components",
            },
            "unfurl": Object {
              "author": "ksingbeil",
              "data1": "",
              "data2": "",
              "description": "What the Design System is and how it works.",
              "image": "https://github.com/bcgov/design-system/blob/master/components/about/about.md?raw=true",
              "label1": "",
              "label2": "",
              "title": "About",
              "type": "markdown",
            },
          },
          Object {
            "_metadata": Object {
              "position": "000.000.001",
            },
            "id": "2",
            "resource": Object {
              "path": "/design-system/Z1bGIqu2",
              "type": "Components",
            },
            "unfurl": Object {
              "author": "ksingbeil",
              "data1": "",
              "data2": "",
              "description": "What the Design System is and how it works.",
              "image": "https://github.com/bcgov/design-system/blob/master/components/about/about.md?raw=true",
              "label1": "",
              "label2": "",
              "title": "About",
              "type": "markdown",
            },
          },
          Object {
            "_metadata": Object {
              "position": "000.000.002",
            },
            "id": "3",
            "resource": Object {
              "path": "/design-system/Z1bGIqu3",
              "type": "Components",
            },
            "unfurl": Object {
              "author": "ksingbeil",
              "data1": "",
              "data2": "",
              "description": "What the Design System is and how it works.",
              "image": "https://github.com/bcgov/design-system/blob/master/components/about/about.md?raw=true",
              "label1": "",
              "label2": "",
              "title": "About",
              "type": "markdown",
            },
          },
          Object {
            "_metadata": Object {
              "position": "000.000.003",
            },
            "id": "4",
            "resource": Object {
              "path": "/design-system/Z1bGIqu4",
              "type": "Components",
            },
            "unfurl": Object {
              "author": "ksingbeil",
              "data1": "",
              "data2": "",
              "description": "What the Design System is and how it works.",
              "image": "https://github.com/bcgov/design-system/blob/master/components/about/about.md?raw=true",
              "label1": "",
              "label2": "",
              "title": "About",
              "type": "markdown",
            },
          },
        ]
      }
    />
    <CollectionPreview
      description="baz"
      key="collection-2"
      link={null}
      resources={
        Array [
          Object {
            "_metadata": Object {
              "position": "001.000.000",
            },
            "id": "5",
            "resource": Object {
              "path": "/design-system/Z1bGIqu5",
              "type": "Documentation",
            },
            "unfurl": Object {
              "author": "ksingbeil",
              "data1": "",
              "data2": "",
              "description": "What the Design System is and how it works.",
              "image": "https://github.com/bcgov/design-system/blob/master/components/about/about.md?raw=true",
              "label1": "",
              "label2": "",
              "title": "About",
              "type": "markdown",
            },
          },
          Object {
            "_metadata": Object {
              "position": "001.000.001",
            },
            "id": "6",
            "resource": Object {
              "path": "/design-system/Z1bGIqu6",
              "type": "Documentation",
            },
            "unfurl": Object {
              "author": "ksingbeil",
              "data1": "",
              "data2": "",
              "description": "What the Design System is and how it works.",
              "image": "https://github.com/bcgov/design-system/blob/master/components/about/about.md?raw=true",
              "label1": "",
              "label2": "",
              "title": "About",
              "type": "markdown",
            },
          },
          Object {
            "_metadata": Object {
              "position": "001.000.001",
            },
            "id": "7",
            "resource": Object {
              "path": "/design-system/Z1bGIqu7",
              "type": "Documentation",
            },
            "unfurl": Object {
              "author": "ksingbeil",
              "data1": "",
              "data2": "",
              "description": "What the Design System is and how it works.",
              "image": "https://github.com/bcgov/design-system/blob/master/components/about/about.md?raw=true",
              "label1": "",
              "label2": "",
              "title": "About",
              "type": "markdown",
            },
          },
        ]
      }
    />
  </Main>
</Layout>
`;
