// Jest Snapshot v1, https://goo.gl/fbAQLP

exports[`Index Container it matches snapshot 1`] = `
ShallowWrapper {
  Symbol(enzyme.__root__): [Circular],
  Symbol(enzyme.__unrendered__): <Index
    data={
      Object {
        "allDevhubSiphon": Object {
          "edges": Array [
            Object {
              "node": Object {
                "childMarkdownRemark": Object {
                  "frontmatter": Object {
                    "description": "This is a test description that will be used as the intro blurb to a card",
                    "title": "",
                  },
                },
                "id": "1bc91db3-c484-58b5-9700-55c22406950a",
                "resource": Object {
                  "path": "/design-system/test",
                },
                "source": Object {
                  "displayName": "Design System",
                },
                "title": "test",
              },
            },
          ],
        },
        "pathfinder": Object {
          "data": Object {
            "organization": Object {
              "repository": Object {
                "resources": Object {
                  "yaml": "entries:
- {details: \\"test1\\" , originalSource: ../index.html, category: 'What''s Going On Now', link: 'https://github.com/BCDevOps/BCDevOps-Guide', description: 'DevOps PaaS'}
- {details: \\"test2\\", originalSource: ../index.html, category: Community, link: 'https://www.yammer.com/gov.bc.ca/#/threads/inGroup?type=in_group&feedId=11241672&view=all', description: 'DevOps Commons'}
- {details: \\"test3\\", originalSource: ../index.html, category: Community, link: 'https://www.meetup.com/DevOps-Commons', description: 'DevOps Commons Meetups'}
",
                },
              },
            },
          },
        },
      }
    }
    filters={
      Array [
        Object {
          "active": false,
          "availableResources": null,
          "filterBy": "attributes.persona",
          "key": "foo",
          "text": "Designers",
          "title": "For",
          "value": "Designer",
        },
        Object {
          "active": true,
          "availableResources": null,
          "filterBy": "attributes.persona",
          "key": "bar",
          "text": "Developers",
          "title": "For",
          "value": "Developer",
        },
        Object {
          "active": false,
          "availableResources": null,
          "filterBy": "attributes.persona",
          "key": "baz",
          "text": "Product Owners",
          "title": "For",
          "value": "Product Owner",
        },
      ]
    }
    loadSiphonNodes={
      [MockFunction] {
        "calls": Array [
          Array [
            Array [
              Object {
                "childMarkdownRemark": Object {
                  "frontmatter": Object {
                    "description": "This is a test description that will be used as the intro blurb to a card",
                    "title": "",
                  },
                },
                "id": "1bc91db3-c484-58b5-9700-55c22406950a",
                "resource": Object {
                  "path": "/design-system/test",
                },
                "source": Object {
                  "displayName": "Design System",
                },
                "title": "test",
              },
            ],
          ],
        ],
        "results": Array [
          Object {
            "isThrow": false,
            "value": undefined,
          },
        ],
      }
    }
    location={
      Object {
        "pathname": "/",
      }
    }
  />,
  Symbol(enzyme.__renderer__): Object {
    "batchedUpdates": [Function],
    "getNode": [Function],
    "render": [Function],
    "simulateError": [Function],
    "simulateEvent": [Function],
    "unmount": [Function],
  },
  Symbol(enzyme.__node__): Object {
    "instance": null,
    "key": undefined,
    "nodeType": "class",
    "props": Object {
      "children": Array [
        <Flag
          name="features.sourceFiltering"
        >
          <Connect(PrimaryFilter) />
        </Flag>,
        <Connect(Dropmenu)
          menuToggled={true}
        />,
        <div
          className="MainContainer container"
        >
          <Sidebar
            filterGroups={
              Array [
                Object {
                  "data": Array [
                    Object {
                      "active": false,
                      "availableResources": null,
                      "filterBy": "attributes.persona",
                      "key": "foo",
                      "text": "Designers",
                      "title": "For",
                      "value": "Designer",
                    },
                    Object {
                      "active": true,
                      "availableResources": null,
                      "filterBy": "attributes.persona",
                      "key": "bar",
                      "text": "Developers",
                      "title": "For",
                      "value": "Developer",
                    },
                    Object {
                      "active": false,
                      "availableResources": null,
                      "filterBy": "attributes.persona",
                      "key": "baz",
                      "text": "Product Owners",
                      "title": "For",
                      "value": "Product Owner",
                    },
                  ],
                  "filters": Array [
                    Object {
                      "active": false,
                      "availableResources": null,
                      "filterBy": "attributes.persona",
                      "key": "foo",
                      "text": "Designers",
                      "title": "For",
                      "value": "Designer",
                    },
                    Object {
                      "active": true,
                      "availableResources": null,
                      "filterBy": "attributes.persona",
                      "key": "bar",
                      "text": "Developers",
                      "title": "For",
                      "value": "Developer",
                    },
                    Object {
                      "active": false,
                      "availableResources": null,
                      "filterBy": "attributes.persona",
                      "key": "baz",
                      "text": "Product Owners",
                      "title": "For",
                      "value": "Product Owner",
                    },
                  ],
                  "title": "For",
                },
              ]
            }
          />
          <div>
            <Connect(WelcomePanel) />
            <FilterMenu
              filterGroups={
                Array [
                  Object {
                    "data": Array [
                      Object {
                        "active": false,
                        "availableResources": null,
                        "filterBy": "attributes.persona",
                        "key": "foo",
                        "text": "Designers",
                        "title": "For",
                        "value": "Designer",
                      },
                      Object {
                        "active": true,
                        "availableResources": null,
                        "filterBy": "attributes.persona",
                        "key": "bar",
                        "text": "Developers",
                        "title": "For",
                        "value": "Developer",
                      },
                      Object {
                        "active": false,
                        "availableResources": null,
                        "filterBy": "attributes.persona",
                        "key": "baz",
                        "text": "Product Owners",
                        "title": "For",
                        "value": "Product Owner",
                      },
                    ],
                    "filters": Array [
                      Object {
                        "active": false,
                        "availableResources": null,
                        "filterBy": "attributes.persona",
                        "key": "foo",
                        "text": "Designers",
                        "title": "For",
                        "value": "Designer",
                      },
                      Object {
                        "active": true,
                        "availableResources": null,
                        "filterBy": "attributes.persona",
                        "key": "bar",
                        "text": "Developers",
                        "title": "For",
                        "value": "Developer",
                      },
                      Object {
                        "active": false,
                        "availableResources": null,
                        "filterBy": "attributes.persona",
                        "key": "baz",
                        "text": "Product Owners",
                        "title": "For",
                        "value": "Product Owner",
                      },
                    ],
                    "title": "For",
                  },
                ]
              }
            />
            <main
              className="Main"
              role="main"
            >
              <Element
                name="CARDS_CONTAINER"
              >
                <div
                  className="CardContainer"
                >
                  <Flag
                    name="features.githubResourceCards"
                  />
                </div>
              </Element>
            </main>
          </div>
        </div>,
      ],
      "hamburgerClicked": undefined,
      "showHamburger": true,
    },
    "ref": null,
    "rendered": Array [
      Object {
        "instance": null,
        "key": undefined,
        "nodeType": "class",
        "props": Object {
          "children": <Connect(PrimaryFilter) />,
          "name": "features.sourceFiltering",
        },
        "ref": null,
        "rendered": Object {
          "instance": null,
          "key": undefined,
          "nodeType": "class",
          "props": Object {},
          "ref": null,
          "rendered": null,
          "type": [Function],
        },
        "type": [Function],
      },
      Object {
        "instance": null,
        "key": undefined,
        "nodeType": "class",
        "props": Object {
          "menuToggled": true,
        },
        "ref": null,
        "rendered": null,
        "type": [Function],
      },
      Object {
        "instance": null,
        "key": undefined,
        "nodeType": "host",
        "props": Object {
          "children": Array [
            <Sidebar
              filterGroups={
                Array [
                  Object {
                    "data": Array [
                      Object {
                        "active": false,
                        "availableResources": null,
                        "filterBy": "attributes.persona",
                        "key": "foo",
                        "text": "Designers",
                        "title": "For",
                        "value": "Designer",
                      },
                      Object {
                        "active": true,
                        "availableResources": null,
                        "filterBy": "attributes.persona",
                        "key": "bar",
                        "text": "Developers",
                        "title": "For",
                        "value": "Developer",
                      },
                      Object {
                        "active": false,
                        "availableResources": null,
                        "filterBy": "attributes.persona",
                        "key": "baz",
                        "text": "Product Owners",
                        "title": "For",
                        "value": "Product Owner",
                      },
                    ],
                    "filters": Array [
                      Object {
                        "active": false,
                        "availableResources": null,
                        "filterBy": "attributes.persona",
                        "key": "foo",
                        "text": "Designers",
                        "title": "For",
                        "value": "Designer",
                      },
                      Object {
                        "active": true,
                        "availableResources": null,
                        "filterBy": "attributes.persona",
                        "key": "bar",
                        "text": "Developers",
                        "title": "For",
                        "value": "Developer",
                      },
                      Object {
                        "active": false,
                        "availableResources": null,
                        "filterBy": "attributes.persona",
                        "key": "baz",
                        "text": "Product Owners",
                        "title": "For",
                        "value": "Product Owner",
                      },
                    ],
                    "title": "For",
                  },
                ]
              }
            />,
            <div>
              <Connect(WelcomePanel) />
              <FilterMenu
                filterGroups={
                  Array [
                    Object {
                      "data": Array [
                        Object {
                          "active": false,
                          "availableResources": null,
                          "filterBy": "attributes.persona",
                          "key": "foo",
                          "text": "Designers",
                          "title": "For",
                          "value": "Designer",
                        },
                        Object {
                          "active": true,
                          "availableResources": null,
                          "filterBy": "attributes.persona",
                          "key": "bar",
                          "text": "Developers",
                          "title": "For",
                          "value": "Developer",
                        },
                        Object {
                          "active": false,
                          "availableResources": null,
                          "filterBy": "attributes.persona",
                          "key": "baz",
                          "text": "Product Owners",
                          "title": "For",
                          "value": "Product Owner",
                        },
                      ],
                      "filters": Array [
                        Object {
                          "active": false,
                          "availableResources": null,
                          "filterBy": "attributes.persona",
                          "key": "foo",
                          "text": "Designers",
                          "title": "For",
                          "value": "Designer",
                        },
                        Object {
                          "active": true,
                          "availableResources": null,
                          "filterBy": "attributes.persona",
                          "key": "bar",
                          "text": "Developers",
                          "title": "For",
                          "value": "Developer",
                        },
                        Object {
                          "active": false,
                          "availableResources": null,
                          "filterBy": "attributes.persona",
                          "key": "baz",
                          "text": "Product Owners",
                          "title": "For",
                          "value": "Product Owner",
                        },
                      ],
                      "title": "For",
                    },
                  ]
                }
              />
              <main
                className="Main"
                role="main"
              >
                <Element
                  name="CARDS_CONTAINER"
                >
                  <div
                    className="CardContainer"
                  >
                    <Flag
                      name="features.githubResourceCards"
                    />
                  </div>
                </Element>
              </main>
            </div>,
          ],
          "className": "MainContainer container",
        },
        "ref": null,
        "rendered": Array [
          Object {
            "instance": null,
            "key": undefined,
            "nodeType": "function",
            "props": Object {
              "filterGroups": Array [
                Object {
                  "data": Array [
                    Object {
                      "active": false,
                      "availableResources": null,
                      "filterBy": "attributes.persona",
                      "key": "foo",
                      "text": "Designers",
                      "title": "For",
                      "value": "Designer",
                    },
                    Object {
                      "active": true,
                      "availableResources": null,
                      "filterBy": "attributes.persona",
                      "key": "bar",
                      "text": "Developers",
                      "title": "For",
                      "value": "Developer",
                    },
                    Object {
                      "active": false,
                      "availableResources": null,
                      "filterBy": "attributes.persona",
                      "key": "baz",
                      "text": "Product Owners",
                      "title": "For",
                      "value": "Product Owner",
                    },
                  ],
                  "filters": Array [
                    Object {
                      "active": false,
                      "availableResources": null,
                      "filterBy": "attributes.persona",
                      "key": "foo",
                      "text": "Designers",
                      "title": "For",
                      "value": "Designer",
                    },
                    Object {
                      "active": true,
                      "availableResources": null,
                      "filterBy": "attributes.persona",
                      "key": "bar",
                      "text": "Developers",
                      "title": "For",
                      "value": "Developer",
                    },
                    Object {
                      "active": false,
                      "availableResources": null,
                      "filterBy": "attributes.persona",
                      "key": "baz",
                      "text": "Product Owners",
                      "title": "For",
                      "value": "Product Owner",
                    },
                  ],
                  "title": "For",
                },
              ],
            },
            "ref": null,
            "rendered": null,
            "type": [Function],
          },
          Object {
            "instance": null,
            "key": undefined,
            "nodeType": "host",
            "props": Object {
              "children": Array [
                <Connect(WelcomePanel) />,
                <FilterMenu
                  filterGroups={
                    Array [
                      Object {
                        "data": Array [
                          Object {
                            "active": false,
                            "availableResources": null,
                            "filterBy": "attributes.persona",
                            "key": "foo",
                            "text": "Designers",
                            "title": "For",
                            "value": "Designer",
                          },
                          Object {
                            "active": true,
                            "availableResources": null,
                            "filterBy": "attributes.persona",
                            "key": "bar",
                            "text": "Developers",
                            "title": "For",
                            "value": "Developer",
                          },
                          Object {
                            "active": false,
                            "availableResources": null,
                            "filterBy": "attributes.persona",
                            "key": "baz",
                            "text": "Product Owners",
                            "title": "For",
                            "value": "Product Owner",
                          },
                        ],
                        "filters": Array [
                          Object {
                            "active": false,
                            "availableResources": null,
                            "filterBy": "attributes.persona",
                            "key": "foo",
                            "text": "Designers",
                            "title": "For",
                            "value": "Designer",
                          },
                          Object {
                            "active": true,
                            "availableResources": null,
                            "filterBy": "attributes.persona",
                            "key": "bar",
                            "text": "Developers",
                            "title": "For",
                            "value": "Developer",
                          },
                          Object {
                            "active": false,
                            "availableResources": null,
                            "filterBy": "attributes.persona",
                            "key": "baz",
                            "text": "Product Owners",
                            "title": "For",
                            "value": "Product Owner",
                          },
                        ],
                        "title": "For",
                      },
                    ]
                  }
                />,
                <main
                  className="Main"
                  role="main"
                >
                  <Element
                    name="CARDS_CONTAINER"
                  >
                    <div
                      className="CardContainer"
                    >
                      <Flag
                        name="features.githubResourceCards"
                      />
                    </div>
                  </Element>
                </main>,
              ],
            },
            "ref": null,
            "rendered": Array [
              Object {
                "instance": null,
                "key": undefined,
                "nodeType": "class",
                "props": Object {},
                "ref": null,
                "rendered": null,
                "type": [Function],
              },
              Object {
                "instance": null,
                "key": undefined,
                "nodeType": "function",
                "props": Object {
                  "filterGroups": Array [
                    Object {
                      "data": Array [
                        Object {
                          "active": false,
                          "availableResources": null,
                          "filterBy": "attributes.persona",
                          "key": "foo",
                          "text": "Designers",
                          "title": "For",
                          "value": "Designer",
                        },
                        Object {
                          "active": true,
                          "availableResources": null,
                          "filterBy": "attributes.persona",
                          "key": "bar",
                          "text": "Developers",
                          "title": "For",
                          "value": "Developer",
                        },
                        Object {
                          "active": false,
                          "availableResources": null,
                          "filterBy": "attributes.persona",
                          "key": "baz",
                          "text": "Product Owners",
                          "title": "For",
                          "value": "Product Owner",
                        },
                      ],
                      "filters": Array [
                        Object {
                          "active": false,
                          "availableResources": null,
                          "filterBy": "attributes.persona",
                          "key": "foo",
                          "text": "Designers",
                          "title": "For",
                          "value": "Designer",
                        },
                        Object {
                          "active": true,
                          "availableResources": null,
                          "filterBy": "attributes.persona",
                          "key": "bar",
                          "text": "Developers",
                          "title": "For",
                          "value": "Developer",
                        },
                        Object {
                          "active": false,
                          "availableResources": null,
                          "filterBy": "attributes.persona",
                          "key": "baz",
                          "text": "Product Owners",
                          "title": "For",
                          "value": "Product Owner",
                        },
                      ],
                      "title": "For",
                    },
                  ],
                },
                "ref": null,
                "rendered": null,
                "type": [Function],
              },
              Object {
                "instance": null,
                "key": undefined,
                "nodeType": "host",
                "props": Object {
                  "children": <Element
                    name="CARDS_CONTAINER"
                  >
                    <div
                      className="CardContainer"
                    >
                      <Flag
                        name="features.githubResourceCards"
                      />
                    </div>
                  </Element>,
                  "className": "Main",
                  "role": "main",
                },
                "ref": null,
                "rendered": Object {
                  "instance": null,
                  "key": undefined,
                  "nodeType": "class",
                  "props": Object {
                    "children": <div
                      className="CardContainer"
                    >
                      <Flag
                        name="features.githubResourceCards"
                      />
                    </div>,
                    "name": "CARDS_CONTAINER",
                  },
                  "ref": null,
                  "rendered": Object {
                    "instance": null,
                    "key": undefined,
                    "nodeType": "host",
                    "props": Object {
                      "children": <Flag
                        name="features.githubResourceCards"
                      />,
                      "className": "CardContainer",
                    },
                    "ref": null,
                    "rendered": Object {
                      "instance": null,
                      "key": undefined,
                      "nodeType": "class",
                      "props": Object {
                        "children": Array [],
                        "name": "features.githubResourceCards",
                      },
                      "ref": null,
                      "rendered": Array [],
                      "type": [Function],
                    },
                    "type": "div",
                  },
                  "type": [Function],
                },
                "type": "main",
              },
            ],
            "type": "div",
          },
        ],
        "type": "div",
      },
    ],
    "type": [Function],
  },
  Symbol(enzyme.__nodes__): Array [
    Object {
      "instance": null,
      "key": undefined,
      "nodeType": "class",
      "props": Object {
        "children": Array [
          <Flag
            name="features.sourceFiltering"
          >
            <Connect(PrimaryFilter) />
          </Flag>,
          <Connect(Dropmenu)
            menuToggled={true}
          />,
          <div
            className="MainContainer container"
          >
            <Sidebar
              filterGroups={
                Array [
                  Object {
                    "data": Array [
                      Object {
                        "active": false,
                        "availableResources": null,
                        "filterBy": "attributes.persona",
                        "key": "foo",
                        "text": "Designers",
                        "title": "For",
                        "value": "Designer",
                      },
                      Object {
                        "active": true,
                        "availableResources": null,
                        "filterBy": "attributes.persona",
                        "key": "bar",
                        "text": "Developers",
                        "title": "For",
                        "value": "Developer",
                      },
                      Object {
                        "active": false,
                        "availableResources": null,
                        "filterBy": "attributes.persona",
                        "key": "baz",
                        "text": "Product Owners",
                        "title": "For",
                        "value": "Product Owner",
                      },
                    ],
                    "filters": Array [
                      Object {
                        "active": false,
                        "availableResources": null,
                        "filterBy": "attributes.persona",
                        "key": "foo",
                        "text": "Designers",
                        "title": "For",
                        "value": "Designer",
                      },
                      Object {
                        "active": true,
                        "availableResources": null,
                        "filterBy": "attributes.persona",
                        "key": "bar",
                        "text": "Developers",
                        "title": "For",
                        "value": "Developer",
                      },
                      Object {
                        "active": false,
                        "availableResources": null,
                        "filterBy": "attributes.persona",
                        "key": "baz",
                        "text": "Product Owners",
                        "title": "For",
                        "value": "Product Owner",
                      },
                    ],
                    "title": "For",
                  },
                ]
              }
            />
            <div>
              <Connect(WelcomePanel) />
              <FilterMenu
                filterGroups={
                  Array [
                    Object {
                      "data": Array [
                        Object {
                          "active": false,
                          "availableResources": null,
                          "filterBy": "attributes.persona",
                          "key": "foo",
                          "text": "Designers",
                          "title": "For",
                          "value": "Designer",
                        },
                        Object {
                          "active": true,
                          "availableResources": null,
                          "filterBy": "attributes.persona",
                          "key": "bar",
                          "text": "Developers",
                          "title": "For",
                          "value": "Developer",
                        },
                        Object {
                          "active": false,
                          "availableResources": null,
                          "filterBy": "attributes.persona",
                          "key": "baz",
                          "text": "Product Owners",
                          "title": "For",
                          "value": "Product Owner",
                        },
                      ],
                      "filters": Array [
                        Object {
                          "active": false,
                          "availableResources": null,
                          "filterBy": "attributes.persona",
                          "key": "foo",
                          "text": "Designers",
                          "title": "For",
                          "value": "Designer",
                        },
                        Object {
                          "active": true,
                          "availableResources": null,
                          "filterBy": "attributes.persona",
                          "key": "bar",
                          "text": "Developers",
                          "title": "For",
                          "value": "Developer",
                        },
                        Object {
                          "active": false,
                          "availableResources": null,
                          "filterBy": "attributes.persona",
                          "key": "baz",
                          "text": "Product Owners",
                          "title": "For",
                          "value": "Product Owner",
                        },
                      ],
                      "title": "For",
                    },
                  ]
                }
              />
              <main
                className="Main"
                role="main"
              >
                <Element
                  name="CARDS_CONTAINER"
                >
                  <div
                    className="CardContainer"
                  >
                    <Flag
                      name="features.githubResourceCards"
                    />
                  </div>
                </Element>
              </main>
            </div>
          </div>,
        ],
        "hamburgerClicked": undefined,
        "showHamburger": true,
      },
      "ref": null,
      "rendered": Array [
        Object {
          "instance": null,
          "key": undefined,
          "nodeType": "class",
          "props": Object {
            "children": <Connect(PrimaryFilter) />,
            "name": "features.sourceFiltering",
          },
          "ref": null,
          "rendered": Object {
            "instance": null,
            "key": undefined,
            "nodeType": "class",
            "props": Object {},
            "ref": null,
            "rendered": null,
            "type": [Function],
          },
          "type": [Function],
        },
        Object {
          "instance": null,
          "key": undefined,
          "nodeType": "class",
          "props": Object {
            "menuToggled": true,
          },
          "ref": null,
          "rendered": null,
          "type": [Function],
        },
        Object {
          "instance": null,
          "key": undefined,
          "nodeType": "host",
          "props": Object {
            "children": Array [
              <Sidebar
                filterGroups={
                  Array [
                    Object {
                      "data": Array [
                        Object {
                          "active": false,
                          "availableResources": null,
                          "filterBy": "attributes.persona",
                          "key": "foo",
                          "text": "Designers",
                          "title": "For",
                          "value": "Designer",
                        },
                        Object {
                          "active": true,
                          "availableResources": null,
                          "filterBy": "attributes.persona",
                          "key": "bar",
                          "text": "Developers",
                          "title": "For",
                          "value": "Developer",
                        },
                        Object {
                          "active": false,
                          "availableResources": null,
                          "filterBy": "attributes.persona",
                          "key": "baz",
                          "text": "Product Owners",
                          "title": "For",
                          "value": "Product Owner",
                        },
                      ],
                      "filters": Array [
                        Object {
                          "active": false,
                          "availableResources": null,
                          "filterBy": "attributes.persona",
                          "key": "foo",
                          "text": "Designers",
                          "title": "For",
                          "value": "Designer",
                        },
                        Object {
                          "active": true,
                          "availableResources": null,
                          "filterBy": "attributes.persona",
                          "key": "bar",
                          "text": "Developers",
                          "title": "For",
                          "value": "Developer",
                        },
                        Object {
                          "active": false,
                          "availableResources": null,
                          "filterBy": "attributes.persona",
                          "key": "baz",
                          "text": "Product Owners",
                          "title": "For",
                          "value": "Product Owner",
                        },
                      ],
                      "title": "For",
                    },
                  ]
                }
              />,
              <div>
                <Connect(WelcomePanel) />
                <FilterMenu
                  filterGroups={
                    Array [
                      Object {
                        "data": Array [
                          Object {
                            "active": false,
                            "availableResources": null,
                            "filterBy": "attributes.persona",
                            "key": "foo",
                            "text": "Designers",
                            "title": "For",
                            "value": "Designer",
                          },
                          Object {
                            "active": true,
                            "availableResources": null,
                            "filterBy": "attributes.persona",
                            "key": "bar",
                            "text": "Developers",
                            "title": "For",
                            "value": "Developer",
                          },
                          Object {
                            "active": false,
                            "availableResources": null,
                            "filterBy": "attributes.persona",
                            "key": "baz",
                            "text": "Product Owners",
                            "title": "For",
                            "value": "Product Owner",
                          },
                        ],
                        "filters": Array [
                          Object {
                            "active": false,
                            "availableResources": null,
                            "filterBy": "attributes.persona",
                            "key": "foo",
                            "text": "Designers",
                            "title": "For",
                            "value": "Designer",
                          },
                          Object {
                            "active": true,
                            "availableResources": null,
                            "filterBy": "attributes.persona",
                            "key": "bar",
                            "text": "Developers",
                            "title": "For",
                            "value": "Developer",
                          },
                          Object {
                            "active": false,
                            "availableResources": null,
                            "filterBy": "attributes.persona",
                            "key": "baz",
                            "text": "Product Owners",
                            "title": "For",
                            "value": "Product Owner",
                          },
                        ],
                        "title": "For",
                      },
                    ]
                  }
                />
                <main
                  className="Main"
                  role="main"
                >
                  <Element
                    name="CARDS_CONTAINER"
                  >
                    <div
                      className="CardContainer"
                    >
                      <Flag
                        name="features.githubResourceCards"
                      />
                    </div>
                  </Element>
                </main>
              </div>,
            ],
            "className": "MainContainer container",
          },
          "ref": null,
          "rendered": Array [
            Object {
              "instance": null,
              "key": undefined,
              "nodeType": "function",
              "props": Object {
                "filterGroups": Array [
                  Object {
                    "data": Array [
                      Object {
                        "active": false,
                        "availableResources": null,
                        "filterBy": "attributes.persona",
                        "key": "foo",
                        "text": "Designers",
                        "title": "For",
                        "value": "Designer",
                      },
                      Object {
                        "active": true,
                        "availableResources": null,
                        "filterBy": "attributes.persona",
                        "key": "bar",
                        "text": "Developers",
                        "title": "For",
                        "value": "Developer",
                      },
                      Object {
                        "active": false,
                        "availableResources": null,
                        "filterBy": "attributes.persona",
                        "key": "baz",
                        "text": "Product Owners",
                        "title": "For",
                        "value": "Product Owner",
                      },
                    ],
                    "filters": Array [
                      Object {
                        "active": false,
                        "availableResources": null,
                        "filterBy": "attributes.persona",
                        "key": "foo",
                        "text": "Designers",
                        "title": "For",
                        "value": "Designer",
                      },
                      Object {
                        "active": true,
                        "availableResources": null,
                        "filterBy": "attributes.persona",
                        "key": "bar",
                        "text": "Developers",
                        "title": "For",
                        "value": "Developer",
                      },
                      Object {
                        "active": false,
                        "availableResources": null,
                        "filterBy": "attributes.persona",
                        "key": "baz",
                        "text": "Product Owners",
                        "title": "For",
                        "value": "Product Owner",
                      },
                    ],
                    "title": "For",
                  },
                ],
              },
              "ref": null,
              "rendered": null,
              "type": [Function],
            },
            Object {
              "instance": null,
              "key": undefined,
              "nodeType": "host",
              "props": Object {
                "children": Array [
                  <Connect(WelcomePanel) />,
                  <FilterMenu
                    filterGroups={
                      Array [
                        Object {
                          "data": Array [
                            Object {
                              "active": false,
                              "availableResources": null,
                              "filterBy": "attributes.persona",
                              "key": "foo",
                              "text": "Designers",
                              "title": "For",
                              "value": "Designer",
                            },
                            Object {
                              "active": true,
                              "availableResources": null,
                              "filterBy": "attributes.persona",
                              "key": "bar",
                              "text": "Developers",
                              "title": "For",
                              "value": "Developer",
                            },
                            Object {
                              "active": false,
                              "availableResources": null,
                              "filterBy": "attributes.persona",
                              "key": "baz",
                              "text": "Product Owners",
                              "title": "For",
                              "value": "Product Owner",
                            },
                          ],
                          "filters": Array [
                            Object {
                              "active": false,
                              "availableResources": null,
                              "filterBy": "attributes.persona",
                              "key": "foo",
                              "text": "Designers",
                              "title": "For",
                              "value": "Designer",
                            },
                            Object {
                              "active": true,
                              "availableResources": null,
                              "filterBy": "attributes.persona",
                              "key": "bar",
                              "text": "Developers",
                              "title": "For",
                              "value": "Developer",
                            },
                            Object {
                              "active": false,
                              "availableResources": null,
                              "filterBy": "attributes.persona",
                              "key": "baz",
                              "text": "Product Owners",
                              "title": "For",
                              "value": "Product Owner",
                            },
                          ],
                          "title": "For",
                        },
                      ]
                    }
                  />,
                  <main
                    className="Main"
                    role="main"
                  >
                    <Element
                      name="CARDS_CONTAINER"
                    >
                      <div
                        className="CardContainer"
                      >
                        <Flag
                          name="features.githubResourceCards"
                        />
                      </div>
                    </Element>
                  </main>,
                ],
              },
              "ref": null,
              "rendered": Array [
                Object {
                  "instance": null,
                  "key": undefined,
                  "nodeType": "class",
                  "props": Object {},
                  "ref": null,
                  "rendered": null,
                  "type": [Function],
                },
                Object {
                  "instance": null,
                  "key": undefined,
                  "nodeType": "function",
                  "props": Object {
                    "filterGroups": Array [
                      Object {
                        "data": Array [
                          Object {
                            "active": false,
                            "availableResources": null,
                            "filterBy": "attributes.persona",
                            "key": "foo",
                            "text": "Designers",
                            "title": "For",
                            "value": "Designer",
                          },
                          Object {
                            "active": true,
                            "availableResources": null,
                            "filterBy": "attributes.persona",
                            "key": "bar",
                            "text": "Developers",
                            "title": "For",
                            "value": "Developer",
                          },
                          Object {
                            "active": false,
                            "availableResources": null,
                            "filterBy": "attributes.persona",
                            "key": "baz",
                            "text": "Product Owners",
                            "title": "For",
                            "value": "Product Owner",
                          },
                        ],
                        "filters": Array [
                          Object {
                            "active": false,
                            "availableResources": null,
                            "filterBy": "attributes.persona",
                            "key": "foo",
                            "text": "Designers",
                            "title": "For",
                            "value": "Designer",
                          },
                          Object {
                            "active": true,
                            "availableResources": null,
                            "filterBy": "attributes.persona",
                            "key": "bar",
                            "text": "Developers",
                            "title": "For",
                            "value": "Developer",
                          },
                          Object {
                            "active": false,
                            "availableResources": null,
                            "filterBy": "attributes.persona",
                            "key": "baz",
                            "text": "Product Owners",
                            "title": "For",
                            "value": "Product Owner",
                          },
                        ],
                        "title": "For",
                      },
                    ],
                  },
                  "ref": null,
                  "rendered": null,
                  "type": [Function],
                },
                Object {
                  "instance": null,
                  "key": undefined,
                  "nodeType": "host",
                  "props": Object {
                    "children": <Element
                      name="CARDS_CONTAINER"
                    >
                      <div
                        className="CardContainer"
                      >
                        <Flag
                          name="features.githubResourceCards"
                        />
                      </div>
                    </Element>,
                    "className": "Main",
                    "role": "main",
                  },
                  "ref": null,
                  "rendered": Object {
                    "instance": null,
                    "key": undefined,
                    "nodeType": "class",
                    "props": Object {
                      "children": <div
                        className="CardContainer"
                      >
                        <Flag
                          name="features.githubResourceCards"
                        />
                      </div>,
                      "name": "CARDS_CONTAINER",
                    },
                    "ref": null,
                    "rendered": Object {
                      "instance": null,
                      "key": undefined,
                      "nodeType": "host",
                      "props": Object {
                        "children": <Flag
                          name="features.githubResourceCards"
                        />,
                        "className": "CardContainer",
                      },
                      "ref": null,
                      "rendered": Object {
                        "instance": null,
                        "key": undefined,
                        "nodeType": "class",
                        "props": Object {
                          "children": Array [],
                          "name": "features.githubResourceCards",
                        },
                        "ref": null,
                        "rendered": Array [],
                        "type": [Function],
                      },
                      "type": "div",
                    },
                    "type": [Function],
                  },
                  "type": "main",
                },
              ],
              "type": "div",
            },
          ],
          "type": "div",
        },
      ],
      "type": [Function],
    },
  ],
  Symbol(enzyme.__options__): Object {
    "adapter": ReactSixteenAdapter {
      "options": Object {
        "enableComponentDidUpdateOnSetState": true,
        "lifecycles": Object {
          "componentDidUpdate": Object {
            "onSetState": true,
          },
          "getDerivedStateFromProps": true,
          "getSnapshotBeforeUpdate": true,
          "setState": Object {
            "skipsComponentDidUpdateOnNullish": true,
          },
        },
      },
    },
  },
}
`;
