// Jest Snapshot v1, https://goo.gl/fbAQLP

exports[`Index Container it matches snapshot 1`] = `
<Connect(Layout)
  showHamburger={true}
>
  <div>
    <Masthead
      setSearchBarTerms={[MockFunction]}
    />
    <main
      className="Main"
      role="main"
    >
      <Alert
        closeAriaLabel="Close"
        color="info"
        fade={true}
        isOpen={true}
        style={
          Object {
            "margin": "10px auto",
          }
        }
        tag="div"
        transition={
          Object {
            "appear": true,
            "baseClass": "fade",
            "baseClassActive": "show",
            "enter": true,
            "exit": true,
            "in": true,
            "mountOnEnter": false,
            "onEnter": [Function],
            "onEntered": [Function],
            "onEntering": [Function],
            "onExit": [Function],
            "onExited": [Function],
            "onExiting": [Function],
            "tag": "div",
            "timeout": 150,
            "unmountOnExit": true,
          }
        }
      >
        No resources found :( try search again.
      </Alert>
    </main>
  </div>
</Connect(Layout)>
`;
