// Jest Snapshot v1, https://goo.gl/fbAQLP

exports[`Navigational Item Component it matches snapshot 1`] = `
ShallowWrapper {
  Symbol(enzyme.__root__): [Circular],
  Symbol(enzyme.__unrendered__): <NavigationalItem
    description="this is the description"
    hexGridClassNumber={2}
    icon=""
    link="/"
    title="this is the title"
  />,
  Symbol(enzyme.__renderer__): Object {
    "batchedUpdates": [Function],
    "getNode": [Function],
    "render": [Function],
    "simulateError": [Function],
    "simulateEvent": [Function],
    "unmount": [Function],
  },
  Symbol(enzyme.__node__): Object {
    "instance": null,
    "key": undefined,
    "nodeType": "function",
    "props": Object {
      "children": <Aux>
        <span
          className="NavigationalItem"
        >
          <span
            className="Title"
          >
            this is the title
          </span>
          <span
            className="Description"
          >
            this is the description
          </span>
        </span>
      </Aux>,
      "clicked": [Function],
      "collapses": true,
      "fontSize": "16px",
      "gridClassNumber": 2,
      "link": "/",
    },
    "ref": null,
    "rendered": Object {
      "instance": null,
      "key": undefined,
      "nodeType": "function",
      "props": Object {
        "children": Array [
          null,
          <span
            className="NavigationalItem"
          >
            <span
              className="Title"
            >
              this is the title
            </span>
            <span
              className="Description"
            >
              this is the description
            </span>
          </span>,
        ],
      },
      "ref": null,
      "rendered": Array [
        null,
        Object {
          "instance": null,
          "key": undefined,
          "nodeType": "host",
          "props": Object {
            "children": Array [
              <span
                className="Title"
              >
                this is the title
              </span>,
              <span
                className="Description"
              >
                this is the description
              </span>,
            ],
            "className": "NavigationalItem",
          },
          "ref": null,
          "rendered": Array [
            Object {
              "instance": null,
              "key": undefined,
              "nodeType": "host",
              "props": Object {
                "children": "this is the title",
                "className": "Title",
              },
              "ref": null,
              "rendered": "this is the title",
              "type": "span",
            },
            Object {
              "instance": null,
              "key": undefined,
              "nodeType": "host",
              "props": Object {
                "children": "this is the description",
                "className": "Description",
              },
              "ref": null,
              "rendered": "this is the description",
              "type": "span",
            },
          ],
          "type": "span",
        },
      ],
      "type": [Function],
    },
    "type": [Function],
  },
  Symbol(enzyme.__nodes__): Array [
    Object {
      "instance": null,
      "key": undefined,
      "nodeType": "function",
      "props": Object {
        "children": <Aux>
          <span
            className="NavigationalItem"
          >
            <span
              className="Title"
            >
              this is the title
            </span>
            <span
              className="Description"
            >
              this is the description
            </span>
          </span>
        </Aux>,
        "clicked": [Function],
        "collapses": true,
        "fontSize": "16px",
        "gridClassNumber": 2,
        "link": "/",
      },
      "ref": null,
      "rendered": Object {
        "instance": null,
        "key": undefined,
        "nodeType": "function",
        "props": Object {
          "children": Array [
            null,
            <span
              className="NavigationalItem"
            >
              <span
                className="Title"
              >
                this is the title
              </span>
              <span
                className="Description"
              >
                this is the description
              </span>
            </span>,
          ],
        },
        "ref": null,
        "rendered": Array [
          null,
          Object {
            "instance": null,
            "key": undefined,
            "nodeType": "host",
            "props": Object {
              "children": Array [
                <span
                  className="Title"
                >
                  this is the title
                </span>,
                <span
                  className="Description"
                >
                  this is the description
                </span>,
              ],
              "className": "NavigationalItem",
            },
            "ref": null,
            "rendered": Array [
              Object {
                "instance": null,
                "key": undefined,
                "nodeType": "host",
                "props": Object {
                  "children": "this is the title",
                  "className": "Title",
                },
                "ref": null,
                "rendered": "this is the title",
                "type": "span",
              },
              Object {
                "instance": null,
                "key": undefined,
                "nodeType": "host",
                "props": Object {
                  "children": "this is the description",
                  "className": "Description",
                },
                "ref": null,
                "rendered": "this is the description",
                "type": "span",
              },
            ],
            "type": "span",
          },
        ],
        "type": [Function],
      },
      "type": [Function],
    },
  ],
  Symbol(enzyme.__options__): Object {
    "adapter": ReactSixteenAdapter {
      "options": Object {
        "enableComponentDidUpdateOnSetState": true,
        "lifecycles": Object {
          "componentDidUpdate": Object {
            "onSetState": true,
          },
          "getDerivedStateFromProps": true,
          "getSnapshotBeforeUpdate": true,
          "setState": Object {
            "skipsComponentDidUpdateOnNullish": true,
          },
        },
      },
    },
    "attachTo": undefined,
    "hydrateIn": undefined,
  },
}
`;
