// Jest Snapshot v1, https://goo.gl/fbAQLP

exports[`Resource Type Template Page it matches snapshot, when there are no resources for the given reosource type the no resource component shows  1`] = `
.emotion-72 {
  font-size: 15px;
  max-width: 1300px;
  margin: 0;
  padding: 10px 10px;
}

@media screen and (min-width:932px) {
  .emotion-72 {
    padding: 10px 65px;
  }
}

.emotion-2 {
  margin-bottom: 10px;
  color: #494949;
}

.emotion-2 h1 {
  margin-bottom: 5px;
}

.emotion-0 {
  font-size: 1em;
  max-width: 565px;
  margin-bottom: 0;
  padding: 3px;
  line-height: 1.5em;
}

.emotion-70 {
  display: -webkit-box;
  display: -webkit-flex;
  display: -ms-flexbox;
  display: flex;
  -webkit-box-pack: start;
  -webkit-justify-content: flex-start;
  -ms-flex-pack: start;
  justify-content: flex-start;
  -webkit-align-items: flex-start;
  -webkit-box-align: flex-start;
  -ms-flex-align: flex-start;
  align-items: flex-start;
}

.emotion-4 {
  -webkit-flex: 0 0 200px;
  -ms-flex: 0 0 200px;
  flex: 0 0 200px;
  padding: 5px;
  margin-right: 15px;
  border: 2px solid #ccc;
  min-height: 250px;
  display: none;
}

@media (min-width:576px) {
  .emotion-4 {
    display: block;
  }
}

.emotion-68 {
  display: -webkit-box;
  display: -webkit-flex;
  display: -ms-flexbox;
  display: flex;
  -webkit-flex-flow: column nowrap;
  -ms-flex-flow: column nowrap;
  flex-flow: column nowrap;
  width: 100%;
  max-width: 1080px;
  margin-bottom: 20px;
}

@media (min-width:576px) {
  .emotion-68 {
    margin-bottom: 15px;
    max-width: 810px;
  }
}

@media (min-width:768px) {
  .emotion-68 {
    margin-bottom: 15px;
    max-width: 1080px;
  }
}

.emotion-14 {
  padding: 0 5px;
}

.emotion-12 {
  display: -webkit-box;
  display: -webkit-flex;
  display: -ms-flexbox;
  display: flex;
  -webkit-flex-wrap: wrap;
  -ms-flex-wrap: wrap;
  flex-wrap: wrap;
  -webkit-box-pack: center;
  -webkit-justify-content: center;
  -ms-flex-pack: center;
  justify-content: center;
}

.emotion-12 > div {
  -webkit-flex-basis: 350px;
  -ms-flex-preferred-size: 350px;
  flex-basis: 350px;
}

@media (min-width:768px) {
  .emotion-12 {
    -webkit-box-pack: start;
    -webkit-justify-content: flex-start;
    -ms-flex-pack: start;
    justify-content: flex-start;
  }
}

.emotion-8 {
  display: -webkit-box;
  display: -webkit-flex;
  display: -ms-flexbox;
  display: flex;
  -webkit-align-items: center;
  -webkit-box-align: center;
  -ms-flex-align: center;
  align-items: center;
}

.emotion-8 > input {
  margin: 0 4px;
  padding: 4px 5px;
  -webkit-flex-basis: 250px;
  -ms-flex-preferred-size: 250px;
  flex-basis: 250px;
  -webkit-box-flex: 1;
  -webkit-flex-grow: 1;
  -ms-flex-positive: 1;
  flex-grow: 1;
  -webkit-transition: all 0.25s;
  transition: all 0.25s;
}

.emotion-8 > button {
  padding: 4px 15px;
  margin: 4px;
}

.emotion-6 {
  color: #fff;
  -webkit-user-select: none;
  -moz-user-select: none;
  -ms-user-select: none;
  user-select: none;
  border: 1px solid transparent;
  padding: 0.375rem 0.75rem;
  font-size: 1em;
  line-height: 1.5;
  border-radius: 0.25rem;
  cursor: pointer;
  font-weight: 400;
  text-align: center;
  white-space: nowrap;
  vertical-align: middle;
  display: inline-block;
  background-color: #003366;
}

.emotion-10 {
  display: inline block;
  padding: 15px;
  max-width: 220px;
}

.emotion-10 img {
  width: 100%;
  margin-bottom: 0;
}

.emotion-16 {
  background-color: #fafafa;
  border: 1px solid #ccc;
  padding: 10px;
  margin: 10px 5px 5px;
  display: block;
}

@media (min-width:576px) {
  .emotion-16 {
    display: none;
  }
}

.emotion-66 {
  display: -webkit-box;
  display: -webkit-flex;
  display: -ms-flexbox;
  display: flex;
  -webkit-flex-flow: row wrap;
  -ms-flex-flow: row wrap;
  flex-flow: row wrap;
  -webkit-box-pack: center;
  -webkit-justify-content: center;
  -ms-flex-pack: center;
  justify-content: center;
}

@media (min-width:810px) {
  .emotion-66 {
    -webkit-box-pack: start;
    -webkit-justify-content: start;
    -ms-flex-pack: start;
    justify-content: start;
  }
}

.emotion-41 {
  margin: 0 10px;
  -webkit-flex: 0 0 250px;
  -ms-flex: 0 0 250px;
  flex: 0 0 250px;
}

.emotion-39 {
  -webkit-text-decoration: underline;
  text-decoration: underline;
  color: #1A5A96;
  font-weight: 400;
  text-transform: capitalize;
  padding: 0 4px;
  margin: 0 2px;
  -webkit-text-decoration: none;
  text-decoration: none;
  color: initial;
}

.emotion-39:hover {
  -webkit-text-decoration: none;
  text-decoration: none;
  color: initial;
  cursor: pointer;
}

.emotion-36 {
  width: 265px;
  height: 238.5px;
  margin: 10px 0;
  border: 1px solid #ccc;
  border-top: transparent;
  border-radius: 2px;
  box-sizing: border-box;
  -webkit-transition: -webkit-transform 0.25s ease-out;
  -webkit-transition: transform 0.25s ease-out;
  transition: transform 0.25s ease-out;
  box-shadow: 0 1px 2px 1px #00000026;
  display: -webkit-box;
  display: -webkit-flex;
  display: -ms-flexbox;
  display: flex;
  -webkit-flex-flow: column nowrap;
  -ms-flex-flow: column nowrap;
  flex-flow: column nowrap;
  overflow: hidden;
}

.emotion-36:hover {
  box-shadow: 0 2px 2px 1px #00000026;
  -webkit-transform: translateY(-2px);
  -ms-transform: translateY(-2px);
  transform: translateY(-2px);
}

.emotion-20 {
  background-color: #246BD1;
  -webkit-flex: 0 0 10px;
  -ms-flex: 0 0 10px;
  flex: 0 0 10px;
  min-height: 10px;
}

.emotion-34 {
  padding: 6px 10px;
  height: 100%;
  overflow: auto;
  height: 100%;
  display: -webkit-box;
  display: -webkit-flex;
  display: -ms-flexbox;
  display: flex;
  -webkit-flex: 1 1 auto;
  -ms-flex: 1 1 auto;
  flex: 1 1 auto;
  -webkit-flex-flow: column nowrap;
  -ms-flex-flow: column nowrap;
  flex-flow: column nowrap;
}

.emotion-24 {
  color: #444;
  font-size: 15px;
  margin-bottom: 0;
  margin-top: 0;
  font-weight: 400;
}

.emotion-22 {
  color: #246BD1;
}

.emotion-26 {
  font-size: 18px;
  color: #494949;
  line-height: 1.3;
  margin-bottom: 0;
  -webkit-flex: 0 0 auto;
  -ms-flex: 0 0 auto;
  flex: 0 0 auto;
  text-transform: capitalize;
  word-break: break-word;
}

.emotion-28 {
  line-height: 1.4;
  font-size: 14px;
  -webkit-flex: 0 0 auto;
  -ms-flex: 0 0 auto;
  flex: 0 0 auto;
  margin-bottom: 0;
  margin-top: 4px;
  text-transform: none;
}

.emotion-32 {
  -webkit-flex: 1 1 auto;
  -ms-flex: 1 1 auto;
  flex: 1 1 auto;
  -webkit-align-self: center;
  -ms-flex-item-align: center;
  align-self: center;
  overflow: hidden;
  padding-top: 10px;
  text-align: center;
  display: -webkit-box;
  display: -webkit-flex;
  display: -ms-flexbox;
  display: flex;
}

.emotion-30 {
  width: 100%;
  height: auto;
  object-fit: scale-down;
  max-height: 100%;
  margin-bottom: 0;
}

<main
  class="emotion-72 emotion-73"
  role="main"
>
  <div
    class="emotion-2 emotion-3"
  >
    <h1>
      Documentation
    </h1>
    <h4
      class="emotion-0 emotion-1"
    >
      Explore documentation to common Government Entities, Protocols and Compliances
    </h4>
  </div>
  <div
    class="emotion-70 emotion-71"
  >
    <div
      class="emotion-4 emotion-5"
    >
      <div>
        <div
          class="form-group"
        >
          <label
            class=""
            data-testid="filter-group-title-For"
            for="For"
            style="font-weight: 600; color: rgb(73, 73, 73); font-size: 14px; margin-bottom: 0px;"
          >
            For
          </label>
          <div
            class="Checkbox custom-checkbox custom-control"
          >
            <input
              aria-label="Filter resources by this value"
              class="custom-control-input"
              data-testid="filter-group-checkbox-designer"
              id="For0"
              type="checkbox"
            />
            <label
              class="custom-control-label"
              for="For0"
            >
              Designers
            </label>
          </div>
          <div
            class="Checkbox custom-checkbox custom-control"
          >
            <input
              aria-label="Filter resources by this value"
              class="custom-control-input"
              data-testid="filter-group-checkbox-developer"
              id="For1"
              type="checkbox"
            />
            <label
              class="custom-control-label"
              for="For1"
            >
              Developers
            </label>
          </div>
          <div
            class="Checkbox custom-checkbox custom-control"
          >
            <input
              aria-label="Filter resources by this value"
              class="custom-control-input"
              data-testid="filter-group-checkbox-product-owner"
              id="For2"
              type="checkbox"
            />
            <label
              class="custom-control-label"
              for="For2"
            >
              Product Owners
            </label>
          </div>
        </div>
      </div>
    </div>
    <div
      class="emotion-68 emotion-69"
    >
      <div
        class="emotion-14 emotion-15"
      >
        <div
          class="emotion-12 emotion-13"
        >
          <div
            class="emotion-8 emotion-9"
          >
            <input
              aria-label="Search input field"
              class="Input custom-text"
              data-testid="searchbar-input"
              id="dh-search-input"
              maxlength="40"
              type="text"
              value=""
            />
            <button
              aria-label="Click to Search"
              class="emotion-6 emotion-7"
              color="blue"
              data-testid="searchbar-button"
            >
              Search
            </button>
          </div>
          <div
            class="emotion-10 emotion-11"
            data-testid="CardContainer.algolia"
            style="flex-basis: 250px; flex-shrink: 0;"
          >
            <a
              href="https://www.algolia.com/"
            >
              <img
                alt="Algolia Logo"
                src="algolia.svg"
              />
            </a>
          </div>
        </div>
      </div>
      <div
        class="emotion-16 emotion-17"
      >
        <svg
          aria-hidden="true"
          class="svg-inline--fa fa-filter fa-w-16 "
          data-icon="filter"
          data-prefix="fas"
          focusable="false"
          role="img"
          style="color: rgb(0, 34, 102); margin-right: 5px;"
          viewBox="0 0 512 512"
          xmlns="http://www.w3.org/2000/svg"
        >
          <path
            d="M487.976 0H24.028C2.71 0-8.047 25.866 7.058 40.971L192 225.941V432c0 7.831 3.821 15.17 10.237 19.662l80 55.98C298.02 518.69 320 507.493 320 487.98V225.941l184.947-184.97C520.021 25.896 509.338 0 487.976 0z"
            fill="currentColor"
          />
        </svg>
         
        <span>
          Filters
        </span>
      </div>
      <div
        class="emotion-14 emotion-15"
      />
      <div
        class="emotion-66 emotion-67"
      >
        <div
          class="emotion-41 emotion-42"
        >
          <a
            class="emotion-38 emotion-39 emotion-40"
            data-testid="ui-gatsby-link"
            href="/DevHub-Node-1"
          >
            <article
              class="emotion-36 emotion-37"
              data-testclass="card"
              data-testid="/DevHub-Node-1"
            >
              <div
                class="emotion-20 emotion-21"
                color="Documentation"
              />
              <div
                class="emotion-34 emotion-35"
              >
                <div
                  style="margin-bottom: 6px;"
                >
                  <h3
                    class="emotion-24 emotion-25"
                  >
                    <svg
                      aria-hidden="true"
                      class="svg-inline--fa fa-file fa-w-12  emotion-22 emotion-23"
                      data-icon="file"
                      data-prefix="fas"
                      data-testid="resource-type-icon"
                      focusable="false"
                      role="img"
                      type="Documentation"
                      viewBox="0 0 384 512"
                      xmlns="http://www.w3.org/2000/svg"
                    >
                      <path
                        d="M224 136V0H24C10.7 0 0 10.7 0 24v464c0 13.3 10.7 24 24 24h336c13.3 0 24-10.7 24-24V160H248c-13.2 0-24-10.8-24-24zm160-14.1v6.1H256V0h6.1c6.4 0 12.5 2.5 17 7l97.9 98c4.5 4.5 7 10.6 7 16.9z"
                        fill="currentColor"
                      />
                    </svg>
                    <span
                      style="margin: 4px;"
                    >
                      Documentation
                    </span>
                    <small>
                      <svg
                        aria-hidden="true"
                        class="svg-inline--fa fa-external-link-alt fa-w-16 "
                        data-icon="external-link-alt"
                        data-prefix="fas"
                        focusable="false"
                        role="img"
                        viewBox="0 0 512 512"
                        xmlns="http://www.w3.org/2000/svg"
                      >
                        <path
                          d="M432,320H400a16,16,0,0,0-16,16V448H64V128H208a16,16,0,0,0,16-16V80a16,16,0,0,0-16-16H48A48,48,0,0,0,0,112V464a48,48,0,0,0,48,48H400a48,48,0,0,0,48-48V336A16,16,0,0,0,432,320ZM488,0h-128c-21.37,0-32.05,25.91-17,41l35.73,35.73L135,320.37a24,24,0,0,0,0,34L157.67,377a24,24,0,0,0,34,0L435.28,133.32,471,169c15,15,41,4.5,41-17V24A24,24,0,0,0,488,0Z"
                          fill="currentColor"
                        />
                      </svg>
                    </small>
                  </h3>
                </div>
                <div
                  class="emotion-26 emotion-27"
                >
                  About
                </div>
                <p
                  class="emotion-28 emotion-29"
                >
                  What the Design System is and how it works.
                </p>
                <div
                  class="emotion-32 emotion-33"
                >
                  <img
                    alt="About"
                    class="emotion-30 emotion-31"
                    src="https://github.com/bcgov/design-system/blob/master/components/about/about.md?raw=true"
                  />
                </div>
              </div>
            </article>
          </a>
        </div>
        <div
          class="emotion-41 emotion-42"
        >
          <a
            class="emotion-38 emotion-39 emotion-40"
            data-testid="ui-gatsby-link"
            href="/GitHub-Raw-1"
          >
            <article
              class="emotion-36 emotion-37"
              data-testclass="card"
              data-testid="/GitHub-Raw-1"
            >
              <div
                class="emotion-20 emotion-21"
                color="Documentation"
              />
              <div
                class="emotion-34 emotion-35"
              >
                <div
                  style="margin-bottom: 6px;"
                >
                  <h3
                    class="emotion-24 emotion-25"
                  >
                    <svg
                      aria-hidden="true"
                      class="svg-inline--fa fa-file fa-w-12  emotion-22 emotion-23"
                      data-icon="file"
                      data-prefix="fas"
                      data-testid="resource-type-icon"
                      focusable="false"
                      role="img"
                      type="Documentation"
                      viewBox="0 0 384 512"
                      xmlns="http://www.w3.org/2000/svg"
                    >
                      <path
                        d="M224 136V0H24C10.7 0 0 10.7 0 24v464c0 13.3 10.7 24 24 24h336c13.3 0 24-10.7 24-24V160H248c-13.2 0-24-10.8-24-24zm160-14.1v6.1H256V0h6.1c6.4 0 12.5 2.5 17 7l97.9 98c4.5 4.5 7 10.6 7 16.9z"
                        fill="currentColor"
                      />
                    </svg>
                    <span
                      style="margin: 4px;"
                    >
                      Documentation
                    </span>
                    <small>
                      <svg
                        aria-hidden="true"
                        class="svg-inline--fa fa-external-link-alt fa-w-16 "
                        data-icon="external-link-alt"
                        data-prefix="fas"
                        focusable="false"
                        role="img"
                        viewBox="0 0 512 512"
                        xmlns="http://www.w3.org/2000/svg"
                      >
                        <path
                          d="M432,320H400a16,16,0,0,0-16,16V448H64V128H208a16,16,0,0,0,16-16V80a16,16,0,0,0-16-16H48A48,48,0,0,0,0,112V464a48,48,0,0,0,48,48H400a48,48,0,0,0,48-48V336A16,16,0,0,0,432,320ZM488,0h-128c-21.37,0-32.05,25.91-17,41l35.73,35.73L135,320.37a24,24,0,0,0,0,34L157.67,377a24,24,0,0,0,34,0L435.28,133.32,471,169c15,15,41,4.5,41-17V24A24,24,0,0,0,488,0Z"
                          fill="currentColor"
                        />
                      </svg>
                    </small>
                  </h3>
                </div>
                <div
                  class="emotion-26 emotion-27"
                >
                  Introduction To Github and Gov
                </div>
                <p
                  class="emotion-28 emotion-29"
                >
                  Everything you need to know about working with Github in the BC Government.
                </p>
                <div
                  class="emotion-32 emotion-33"
                >
                  <img
                    alt="Introduction To Github and Gov"
                    class="emotion-30 emotion-31"
                    src="../images/octokat.png"
                  />
                </div>
              </div>
            </article>
          </a>
        </div>
      </div>
    </div>
  </div>
</main>
`;
